Archive member included to satisfy reference by file (symbol)

c:/ac6/systemworkbench/plugins/fr.ac6.mcu.externaltools.arm-none.win32_1.17.0.201812190825/tools/compiler/bin/../lib/gcc/arm-none-eabi/7.3.1/thumb/v7e-m/fpv4-sp/hard\libgcc.a(_aeabi_uldivmod.o)
                              Drivers/STM32F4xx_HAL_Driver/Src/stm32f4xx_hal_rcc.o (__aeabi_uldivmod)
c:/ac6/systemworkbench/plugins/fr.ac6.mcu.externaltools.arm-none.win32_1.17.0.201812190825/tools/compiler/bin/../lib/gcc/arm-none-eabi/7.3.1/thumb/v7e-m/fpv4-sp/hard\libgcc.a(_udivmoddi4.o)
                              c:/ac6/systemworkbench/plugins/fr.ac6.mcu.externaltools.arm-none.win32_1.17.0.201812190825/tools/compiler/bin/../lib/gcc/arm-none-eabi/7.3.1/thumb/v7e-m/fpv4-sp/hard\libgcc.a(_aeabi_uldivmod.o) (__udivmoddi4)
c:/ac6/systemworkbench/plugins/fr.ac6.mcu.externaltools.arm-none.win32_1.17.0.201812190825/tools/compiler/bin/../lib/gcc/arm-none-eabi/7.3.1/thumb/v7e-m/fpv4-sp/hard\libgcc.a(_dvmd_tls.o)
                              c:/ac6/systemworkbench/plugins/fr.ac6.mcu.externaltools.arm-none.win32_1.17.0.201812190825/tools/compiler/bin/../lib/gcc/arm-none-eabi/7.3.1/thumb/v7e-m/fpv4-sp/hard\libgcc.a(_aeabi_uldivmod.o) (__aeabi_ldiv0)
c:/ac6/systemworkbench/plugins/fr.ac6.mcu.externaltools.arm-none.win32_1.17.0.201812190825/tools/compiler/bin/../lib/gcc/arm-none-eabi/7.3.1/../../../../arm-none-eabi/lib/thumb/v7e-m/fpv4-sp/hard\libc_nano.a(lib_a-errno.o)
                              Core/Src/syscalls.o (__errno)
c:/ac6/systemworkbench/plugins/fr.ac6.mcu.externaltools.arm-none.win32_1.17.0.201812190825/tools/compiler/bin/../lib/gcc/arm-none-eabi/7.3.1/../../../../arm-none-eabi/lib/thumb/v7e-m/fpv4-sp/hard\libc_nano.a(lib_a-exit.o)
                              c:/ac6/systemworkbench/plugins/fr.ac6.mcu.externaltools.arm-none.win32_1.17.0.201812190825/tools/compiler/bin/../lib/gcc/arm-none-eabi/7.3.1/../../../../arm-none-eabi/lib/thumb/v7e-m/fpv4-sp/hard/crt0.o (exit)
c:/ac6/systemworkbench/plugins/fr.ac6.mcu.externaltools.arm-none.win32_1.17.0.201812190825/tools/compiler/bin/../lib/gcc/arm-none-eabi/7.3.1/../../../../arm-none-eabi/lib/thumb/v7e-m/fpv4-sp/hard\libc_nano.a(lib_a-impure.o)
                              c:/ac6/systemworkbench/plugins/fr.ac6.mcu.externaltools.arm-none.win32_1.17.0.201812190825/tools/compiler/bin/../lib/gcc/arm-none-eabi/7.3.1/../../../../arm-none-eabi/lib/thumb/v7e-m/fpv4-sp/hard\libc_nano.a(lib_a-exit.o) (_global_impure_ptr)
c:/ac6/systemworkbench/plugins/fr.ac6.mcu.externaltools.arm-none.win32_1.17.0.201812190825/tools/compiler/bin/../lib/gcc/arm-none-eabi/7.3.1/../../../../arm-none-eabi/lib/thumb/v7e-m/fpv4-sp/hard\libc_nano.a(lib_a-init.o)
                              c:/ac6/systemworkbench/plugins/fr.ac6.mcu.externaltools.arm-none.win32_1.17.0.201812190825/tools/compiler/bin/../lib/gcc/arm-none-eabi/7.3.1/../../../../arm-none-eabi/lib/thumb/v7e-m/fpv4-sp/hard/crt0.o (__libc_init_array)
c:/ac6/systemworkbench/plugins/fr.ac6.mcu.externaltools.arm-none.win32_1.17.0.201812190825/tools/compiler/bin/../lib/gcc/arm-none-eabi/7.3.1/../../../../arm-none-eabi/lib/thumb/v7e-m/fpv4-sp/hard\libc_nano.a(lib_a-memcpy-stub.o)
                              Middlewares/Third_Party/FreeRTOS/Source/CMSIS_RTOS_V2/cmsis_os2.o (memcpy)
c:/ac6/systemworkbench/plugins/fr.ac6.mcu.externaltools.arm-none.win32_1.17.0.201812190825/tools/compiler/bin/../lib/gcc/arm-none-eabi/7.3.1/../../../../arm-none-eabi/lib/thumb/v7e-m/fpv4-sp/hard\libc_nano.a(lib_a-memset.o)
                              c:/ac6/systemworkbench/plugins/fr.ac6.mcu.externaltools.arm-none.win32_1.17.0.201812190825/tools/compiler/bin/../lib/gcc/arm-none-eabi/7.3.1/../../../../arm-none-eabi/lib/thumb/v7e-m/fpv4-sp/hard/crt0.o (memset)

Allocating common symbols
Common symbol       size              file

hi2c1               0x54              Core/Src/i2c.o
uwTick              0x4               Drivers/STM32F4xx_HAL_Driver/Src/stm32f4xx_hal.o
xQueueRegistry      0x40              Middlewares/Third_Party/FreeRTOS/Source/queue.o
global_timerHandle  0x4               Core/Src/freertos.o
pFlash              0x20              Drivers/STM32F4xx_HAL_Driver/Src/stm32f4xx_hal_flash.o
task_1Handle        0x4               Core/Src/freertos.o
task_2Handle        0x4               Core/Src/freertos.o
htim1               0x40              Core/Src/stm32f4xx_hal_timebase_tim.o
global_mutexHandle  0x4               Core/Src/freertos.o
global_queue        0x4               Core/Src/freertos.o

Discarded input sections

 .text          0x00000000        0x0 c:/ac6/systemworkbench/plugins/fr.ac6.mcu.externaltools.arm-none.win32_1.17.0.201812190825/tools/compiler/bin/../lib/gcc/arm-none-eabi/7.3.1/thumb/v7e-m/fpv4-sp/hard/crti.o
 .data          0x00000000        0x0 c:/ac6/systemworkbench/plugins/fr.ac6.mcu.externaltools.arm-none.win32_1.17.0.201812190825/tools/compiler/bin/../lib/gcc/arm-none-eabi/7.3.1/thumb/v7e-m/fpv4-sp/hard/crti.o
[...]
Memory Configuration

Name             Origin             Length             Attributes
RAM              0x20000000         0x00020000         xrw
CCMRAM           0x10000000         0x00010000         rw
FLASH            0x08000000         0x00100000         xr
*default*        0x00000000         0xffffffff

Linker script and memory map

LOAD c:/ac6/systemworkbench/plugins/fr.ac6.mcu.externaltools.arm-none.win32_1.17.0.201812190825/tools/compiler/bin/../lib/gcc/arm-none-eabi/7.3.1/thumb/v7e-m/fpv4-sp/hard/crti.o
LOAD c:/ac6/systemworkbench/plugins/fr.ac6.mcu.externaltools.arm-none.win32_1.17.0.201812190825/tools/compiler/bin/../lib/gcc/arm-none-eabi/7.3.1/thumb/v7e-m/fpv4-sp/hard/crtbegin.o
LOAD c:/ac6/systemworkbench/plugins/fr.ac6.mcu.externaltools.arm-none.win32_1.17.0.201812190825/tools/compiler/bin/../lib/gcc/arm-none-eabi/7.3.1/../../../../arm-none-eabi/lib/thumb/v7e-m/fpv4-sp/hard/crt0.o
LOAD Core/Src/fonts.o
LOAD Core/Src/freertos.o
LOAD Core/Src/gpio.o
LOAD Core/Src/i2c.o
LOAD Core/Src/keyboard.o
LOAD Core/Src/main.o
LOAD Core/Src/oled.o
LOAD Core/Src/stm32f4xx_hal_msp.o
LOAD Core/Src/stm32f4xx_hal_timebase_tim.o
LOAD Core/Src/stm32f4xx_it.o
LOAD Core/Src/syscalls.o
LOAD Core/Src/system_stm32f4xx.o
LOAD Drivers/STM32F4xx_HAL_Driver/Src/stm32f4xx_hal.o
LOAD Drivers/STM32F4xx_HAL_Driver/Src/stm32f4xx_hal_cortex.o
LOAD Drivers/STM32F4xx_HAL_Driver/Src/stm32f4xx_hal_dma.o
LOAD Drivers/STM32F4xx_HAL_Driver/Src/stm32f4xx_hal_dma_ex.o
LOAD Drivers/STM32F4xx_HAL_Driver/Src/stm32f4xx_hal_exti.o
LOAD Drivers/STM32F4xx_HAL_Driver/Src/stm32f4xx_hal_flash.o
LOAD Drivers/STM32F4xx_HAL_Driver/Src/stm32f4xx_hal_flash_ex.o
LOAD Drivers/STM32F4xx_HAL_Driver/Src/stm32f4xx_hal_flash_ramfunc.o
LOAD Drivers/STM32F4xx_HAL_Driver/Src/stm32f4xx_hal_gpio.o
LOAD Drivers/STM32F4xx_HAL_Driver/Src/stm32f4xx_hal_i2c.o
LOAD Drivers/STM32F4xx_HAL_Driver/Src/stm32f4xx_hal_i2c_ex.o
LOAD Drivers/STM32F4xx_HAL_Driver/Src/stm32f4xx_hal_pwr.o
LOAD Drivers/STM32F4xx_HAL_Driver/Src/stm32f4xx_hal_pwr_ex.o
LOAD Drivers/STM32F4xx_HAL_Driver/Src/stm32f4xx_hal_rcc.o
LOAD Drivers/STM32F4xx_HAL_Driver/Src/stm32f4xx_hal_rcc_ex.o
LOAD Drivers/STM32F4xx_HAL_Driver/Src/stm32f4xx_hal_tim.o
LOAD Drivers/STM32F4xx_HAL_Driver/Src/stm32f4xx_hal_tim_ex.o
LOAD Middlewares/Third_Party/FreeRTOS/Source/CMSIS_RTOS_V2/cmsis_os2.o
LOAD Middlewares/Third_Party/FreeRTOS/Source/croutine.o
LOAD Middlewares/Third_Party/FreeRTOS/Source/event_groups.o
LOAD Middlewares/Third_Party/FreeRTOS/Source/list.o
LOAD Middlewares/Third_Party/FreeRTOS/Source/queue.o
LOAD Middlewares/Third_Party/FreeRTOS/Source/stream_buffer.o
LOAD Middlewares/Third_Party/FreeRTOS/Source/tasks.o
LOAD Middlewares/Third_Party/FreeRTOS/Source/timers.o
LOAD Middlewares/Third_Party/FreeRTOS/Source/portable/GCC/ARM_CM4F/port.o
LOAD Middlewares/Third_Party/FreeRTOS/Source/portable/MemMang/heap_4.o
LOAD startup/startup_stm32f407xx.o
LOAD c:/ac6/systemworkbench/plugins/fr.ac6.mcu.externaltools.arm-none.win32_1.17.0.201812190825/tools/compiler/bin/../lib/gcc/arm-none-eabi/7.3.1/../../../../arm-none-eabi/lib/thumb/v7e-m/fpv4-sp/hard\libm.a
START GROUP
LOAD c:/ac6/systemworkbench/plugins/fr.ac6.mcu.externaltools.arm-none.win32_1.17.0.201812190825/tools/compiler/bin/../lib/gcc/arm-none-eabi/7.3.1/thumb/v7e-m/fpv4-sp/hard\libgcc.a
LOAD c:/ac6/systemworkbench/plugins/fr.ac6.mcu.externaltools.arm-none.win32_1.17.0.201812190825/tools/compiler/bin/../lib/gcc/arm-none-eabi/7.3.1/../../../../arm-none-eabi/lib/thumb/v7e-m/fpv4-sp/hard\libc_nano.a
END GROUP
START GROUP
LOAD c:/ac6/systemworkbench/plugins/fr.ac6.mcu.externaltools.arm-none.win32_1.17.0.201812190825/tools/compiler/bin/../lib/gcc/arm-none-eabi/7.3.1/thumb/v7e-m/fpv4-sp/hard\libgcc.a
LOAD c:/ac6/systemworkbench/plugins/fr.ac6.mcu.externaltools.arm-none.win32_1.17.0.201812190825/tools/compiler/bin/../lib/gcc/arm-none-eabi/7.3.1/../../../../arm-none-eabi/lib/thumb/v7e-m/fpv4-sp/hard\libc_nano.a
LOAD c:/ac6/systemworkbench/plugins/fr.ac6.mcu.externaltools.arm-none.win32_1.17.0.201812190825/tools/compiler/bin/../lib/gcc/arm-none-eabi/7.3.1/../../../../arm-none-eabi/lib/thumb/v7e-m/fpv4-sp/hard\libnosys.a
END GROUP
START GROUP
LOAD c:/ac6/systemworkbench/plugins/fr.ac6.mcu.externaltools.arm-none.win32_1.17.0.201812190825/tools/compiler/bin/../lib/gcc/arm-none-eabi/7.3.1/thumb/v7e-m/fpv4-sp/hard\libgcc.a
LOAD c:/ac6/systemworkbench/plugins/fr.ac6.mcu.externaltools.arm-none.win32_1.17.0.201812190825/tools/compiler/bin/../lib/gcc/arm-none-eabi/7.3.1/../../../../arm-none-eabi/lib/thumb/v7e-m/fpv4-sp/hard\libc_nano.a
LOAD c:/ac6/systemworkbench/plugins/fr.ac6.mcu.externaltools.arm-none.win32_1.17.0.201812190825/tools/compiler/bin/../lib/gcc/arm-none-eabi/7.3.1/../../../../arm-none-eabi/lib/thumb/v7e-m/fpv4-sp/hard\libnosys.a
END GROUP
LOAD c:/ac6/systemworkbench/plugins/fr.ac6.mcu.externaltools.arm-none.win32_1.17.0.201812190825/tools/compiler/bin/../lib/gcc/arm-none-eabi/7.3.1/thumb/v7e-m/fpv4-sp/hard/crtend.o
LOAD c:/ac6/systemworkbench/plugins/fr.ac6.mcu.externaltools.arm-none.win32_1.17.0.201812190825/tools/compiler/bin/../lib/gcc/arm-none-eabi/7.3.1/thumb/v7e-m/fpv4-sp/hard/crtn.o
                0x20020000                _estack = 0x20020000
                0x00000200                _Min_Heap_Size = 0x200
                0x00000400                _Min_Stack_Size = 0x400

.isr_vector     0x08000000      0x188
                0x08000000                . = ALIGN (0x4)
 *(.isr_vector)
 .isr_vector    0x08000000      0x188 startup/startup_stm32f407xx.o
                0x08000000                g_pfnVectors
                0x08000188                . = ALIGN (0x4)

.text           0x08000190     0x44a4
                0x08000190                . = ALIGN (0x4)
 *(.text)
 .text          0x08000190       0x40 c:/ac6/systemworkbench/plugins/fr.ac6.mcu.externaltools.arm-none.win32_1.17.0.201812190825/tools/compiler/bin/../lib/gcc/arm-none-eabi/7.3.1/thumb/v7e-m/fpv4-sp/hard/crtbegin.o
 .text          0x080001d0       0x30 c:/ac6/systemworkbench/plugins/fr.ac6.mcu.externaltools.arm-none.win32_1.17.0.201812190825/tools/compiler/bin/../lib/gcc/arm-none-eabi/7.3.1/thumb/v7e-m/fpv4-sp/hard\libgcc.a(_aeabi_uldivmod.o)
                0x080001d0                __aeabi_uldivmod
 .text          0x08000200      0x2cc c:/ac6/systemworkbench/plugins/fr.ac6.mcu.externaltools.arm-none.win32_1.17.0.201812190825/tools/compiler/bin/../lib/gcc/arm-none-eabi/7.3.1/thumb/v7e-m/fpv4-sp/hard\libgcc.a(_udivmoddi4.o)
                0x08000200                __udivmoddi4
 .text          0x080004cc        0x4 c:/ac6/systemworkbench/plugins/fr.ac6.mcu.externaltools.arm-none.win32_1.17.0.201812190825/tools/compiler/bin/../lib/gcc/arm-none-eabi/7.3.1/thumb/v7e-m/fpv4-sp/hard\libgcc.a(_dvmd_tls.o)
                0x080004cc                __aeabi_idiv0
                0x080004cc                __aeabi_ldiv0
 *(.text*)
 .text.start_task_1
                0x080004d0       0x30 Core/Src/freertos.o
                0x080004d0                start_task_1
 .text.start_task_2
                0x08000500       0x48 Core/Src/freertos.o
                0x08000500                start_task_2
 .text.global_timer_callback
                0x08000548       0x88 Core/Src/freertos.o
                0x08000548                global_timer_callback
 .text.MX_FREERTOS_Init
                0x080005d0       0xd4 Core/Src/freertos.o
                0x080005d0                MX_FREERTOS_Init
 .text.MX_GPIO_Init
                0x080006a4       0x80 Core/Src/gpio.o
                0x080006a4                MX_GPIO_Init
 .text.MX_I2C1_Init
                0x08000724       0x3c Core/Src/i2c.o
                0x08000724                MX_I2C1_Init
 .text.HAL_I2C_MspInit
                0x08000760       0x74 Core/Src/i2c.o
                0x08000760                HAL_I2C_MspInit
 .text.keyboard_Read
                0x080007d4       0x84 Core/Src/keyboard.o
 .text.keyboard_Init
                0x08000858       0x34 Core/Src/keyboard.o
                0x08000858                keyboard_Init
 .text.keyboard_Get
                0x0800088c        0x8 Core/Src/keyboard.o
                0x0800088c                keyboard_Get
 .text.SystemClock_Config
                0x08000894       0x7c Core/Src/main.o
                0x08000894                SystemClock_Config
 .text.main     0x08000910       0x24 Core/Src/main.o
                0x08000910                main
 .text.HAL_TIM_PeriodElapsedCallback
                0x08000934       0x18 Core/Src/main.o
                0x08000934                HAL_TIM_PeriodElapsedCallback
 .text.Error_Handler
                0x0800094c        0x2 Core/Src/main.o
                0x0800094c                Error_Handler
 *fill*         0x0800094e        0x2 
 .text.oled_WriteCommand
                0x08000950       0x28 Core/Src/oled.o
 .text.oled_Fill
                0x08000978       0x20 Core/Src/oled.o
                0x08000978                oled_Fill
 .text.oled_UpdateScreen
                0x08000998       0x50 Core/Src/oled.o
                0x08000998                oled_UpdateScreen
 .text.oled_Init
                0x080009e8       0xd4 Core/Src/oled.o
                0x080009e8                oled_Init
 .text.oled_DrawPixel
                0x08000abc       0x54 Core/Src/oled.o
                0x08000abc                oled_DrawPixel
 .text.oled_WriteChar
                0x08000b10       0xb4 Core/Src/oled.o
                0x08000b10                oled_WriteChar
 .text.oled_WriteString
                0x08000bc4       0x30 Core/Src/oled.o
                0x08000bc4                oled_WriteString
 .text.oled_SetCursor
                0x08000bf4       0x10 Core/Src/oled.o
                0x08000bf4                oled_SetCursor
 .text.HAL_MspInit
                0x08000c04       0x44 Core/Src/stm32f4xx_hal_msp.o
                0x08000c04                HAL_MspInit
 .text.HAL_InitTick
                0x08000c48       0x78 Core/Src/stm32f4xx_hal_timebase_tim.o
                0x08000c48                HAL_InitTick
 .text.NMI_Handler
                0x08000cc0        0x2 Core/Src/stm32f4xx_it.o
                0x08000cc0                NMI_Handler
 .text.HardFault_Handler
                0x08000cc2        0x2 Core/Src/stm32f4xx_it.o
                0x08000cc2                HardFault_Handler
 .text.MemManage_Handler
                0x08000cc4        0x2 Core/Src/stm32f4xx_it.o
                0x08000cc4                MemManage_Handler
 .text.BusFault_Handler
                0x08000cc6        0x2 Core/Src/stm32f4xx_it.o
                0x08000cc6                BusFault_Handler
 .text.UsageFault_Handler
                0x08000cc8        0x2 Core/Src/stm32f4xx_it.o
                0x08000cc8                UsageFault_Handler
 .text.DebugMon_Handler
                0x08000cca        0x2 Core/Src/stm32f4xx_it.o
                0x08000cca                DebugMon_Handler
 .text.TIM1_UP_TIM10_IRQHandler
                0x08000ccc       0x10 Core/Src/stm32f4xx_it.o
                0x08000ccc                TIM1_UP_TIM10_IRQHandler
 .text.SystemInit
                0x08000cdc       0x4c Core/Src/system_stm32f4xx.o
                0x08000cdc                SystemInit
 .text.HAL_Init
                0x08000d28       0x34 Drivers/STM32F4xx_HAL_Driver/Src/stm32f4xx_hal.o
                0x08000d28                HAL_Init
 .text.HAL_IncTick
                0x08000d5c       0x18 Drivers/STM32F4xx_HAL_Driver/Src/stm32f4xx_hal.o
                0x08000d5c                HAL_IncTick
 .text.HAL_GetTick
                0x08000d74        0xc Drivers/STM32F4xx_HAL_Driver/Src/stm32f4xx_hal.o
                0x08000d74                HAL_GetTick
 .text.HAL_Delay
                0x08000d80       0x28 Drivers/STM32F4xx_HAL_Driver/Src/stm32f4xx_hal.o
                0x08000d80                HAL_Delay
 .text.HAL_NVIC_SetPriorityGrouping
                0x08000da8       0x24 Drivers/STM32F4xx_HAL_Driver/Src/stm32f4xx_hal_cortex.o
                0x08000da8                HAL_NVIC_SetPriorityGrouping
 .text.HAL_NVIC_SetPriority
                0x08000dcc       0x68 Drivers/STM32F4xx_HAL_Driver/Src/stm32f4xx_hal_cortex.o
                0x08000dcc                HAL_NVIC_SetPriority
 .text.HAL_NVIC_EnableIRQ
                0x08000e34       0x1c Drivers/STM32F4xx_HAL_Driver/Src/stm32f4xx_hal_cortex.o
                0x08000e34                HAL_NVIC_EnableIRQ
 .text.HAL_GPIO_Init
                0x08000e50      0x1c8 Drivers/STM32F4xx_HAL_Driver/Src/stm32f4xx_hal_gpio.o
                0x08000e50                HAL_GPIO_Init
 .text.HAL_GPIO_WritePin
                0x08001018        0xc Drivers/STM32F4xx_HAL_Driver/Src/stm32f4xx_hal_gpio.o
                0x08001018                HAL_GPIO_WritePin
 .text.I2C_IsAcknowledgeFailed
                0x08001024       0x32 Drivers/STM32F4xx_HAL_Driver/Src/stm32f4xx_hal_i2c.o
 .text.I2C_WaitOnFlagUntilTimeout
                0x08001056       0x70 Drivers/STM32F4xx_HAL_Driver/Src/stm32f4xx_hal_i2c.o
 .text.I2C_WaitOnMasterAddressFlagUntilTimeout
                0x080010c6       0xa4 Drivers/STM32F4xx_HAL_Driver/Src/stm32f4xx_hal_i2c.o
 .text.I2C_WaitOnTXEFlagUntilTimeout
                0x0800116a       0x54 Drivers/STM32F4xx_HAL_Driver/Src/stm32f4xx_hal_i2c.o
 *fill*         0x080011be        0x2 
 .text.I2C_RequestMemoryWrite
                0x080011c0       0xc8 Drivers/STM32F4xx_HAL_Driver/Src/stm32f4xx_hal_i2c.o
 .text.I2C_RequestMemoryRead
                0x08001288      0x134 Drivers/STM32F4xx_HAL_Driver/Src/stm32f4xx_hal_i2c.o
 .text.I2C_WaitOnBTFFlagUntilTimeout
                0x080013bc       0x54 Drivers/STM32F4xx_HAL_Driver/Src/stm32f4xx_hal_i2c.o
 .text.I2C_WaitOnRXNEFlagUntilTimeout
                0x08001410       0x6a Drivers/STM32F4xx_HAL_Driver/Src/stm32f4xx_hal_i2c.o
 *fill*         0x0800147a        0x2 
 .text.HAL_I2C_Init
                0x0800147c      0x1a0 Drivers/STM32F4xx_HAL_Driver/Src/stm32f4xx_hal_i2c.o
                0x0800147c                HAL_I2C_Init
 .text.HAL_I2C_Mem_Write
                0x0800161c      0x168 Drivers/STM32F4xx_HAL_Driver/Src/stm32f4xx_hal_i2c.o
                0x0800161c                HAL_I2C_Mem_Write
 .text.HAL_I2C_Mem_Read
                0x08001784      0x2d0 Drivers/STM32F4xx_HAL_Driver/Src/stm32f4xx_hal_i2c.o
                0x08001784                HAL_I2C_Mem_Read
 .text.HAL_RCC_OscConfig
                0x08001a54      0x398 Drivers/STM32F4xx_HAL_Driver/Src/stm32f4xx_hal_rcc.o
                0x08001a54                HAL_RCC_OscConfig
 .text.HAL_RCC_GetSysClockFreq
                0x08001dec       0xa8 Drivers/STM32F4xx_HAL_Driver/Src/stm32f4xx_hal_rcc.o
                0x08001dec                HAL_RCC_GetSysClockFreq
 .text.HAL_RCC_ClockConfig
                0x08001e94      0x158 Drivers/STM32F4xx_HAL_Driver/Src/stm32f4xx_hal_rcc.o
                0x08001e94                HAL_RCC_ClockConfig
 .text.HAL_RCC_GetHCLKFreq
                0x08001fec        0xc Drivers/STM32F4xx_HAL_Driver/Src/stm32f4xx_hal_rcc.o
                0x08001fec                HAL_RCC_GetHCLKFreq
 .text.HAL_RCC_GetPCLK1Freq
                0x08001ff8       0x20 Drivers/STM32F4xx_HAL_Driver/Src/stm32f4xx_hal_rcc.o
                0x08001ff8                HAL_RCC_GetPCLK1Freq
 .text.HAL_RCC_GetPCLK2Freq
                0x08002018       0x20 Drivers/STM32F4xx_HAL_Driver/Src/stm32f4xx_hal_rcc.o
                0x08002018                HAL_RCC_GetPCLK2Freq
 .text.HAL_RCC_GetClockConfig
                0x08002038       0x3c Drivers/STM32F4xx_HAL_Driver/Src/stm32f4xx_hal_rcc.o
                0x08002038                HAL_RCC_GetClockConfig
 .text.HAL_TIM_Base_MspInit
                0x08002074        0x2 Drivers/STM32F4xx_HAL_Driver/Src/stm32f4xx_hal_tim.o
                0x08002074                HAL_TIM_Base_MspInit
 .text.HAL_TIM_Base_Start_IT
                0x08002076       0x22 Drivers/STM32F4xx_HAL_Driver/Src/stm32f4xx_hal_tim.o
                0x08002076                HAL_TIM_Base_Start_IT
 .text.HAL_TIM_OC_DelayElapsedCallback
                0x08002098        0x2 Drivers/STM32F4xx_HAL_Driver/Src/stm32f4xx_hal_tim.o
                0x08002098                HAL_TIM_OC_DelayElapsedCallback
 .text.HAL_TIM_IC_CaptureCallback
                0x0800209a        0x2 Drivers/STM32F4xx_HAL_Driver/Src/stm32f4xx_hal_tim.o
                0x0800209a                HAL_TIM_IC_CaptureCallback
 .text.HAL_TIM_PWM_PulseFinishedCallback
                0x0800209c        0x2 Drivers/STM32F4xx_HAL_Driver/Src/stm32f4xx_hal_tim.o
                0x0800209c                HAL_TIM_PWM_PulseFinishedCallback
 .text.HAL_TIM_TriggerCallback
                0x0800209e        0x2 Drivers/STM32F4xx_HAL_Driver/Src/stm32f4xx_hal_tim.o
                0x0800209e                HAL_TIM_TriggerCallback
 .text.HAL_TIM_IRQHandler
                0x080020a0      0x17a Drivers/STM32F4xx_HAL_Driver/Src/stm32f4xx_hal_tim.o
                0x080020a0                HAL_TIM_IRQHandler
 *fill*         0x0800221a        0x2 
 .text.TIM_Base_SetConfig
                0x0800221c       0xc8 Drivers/STM32F4xx_HAL_Driver/Src/stm32f4xx_hal_tim.o
                0x0800221c                TIM_Base_SetConfig
 .text.HAL_TIM_Base_Init
                0x080022e4       0x32 Drivers/STM32F4xx_HAL_Driver/Src/stm32f4xx_hal_tim.o
                0x080022e4                HAL_TIM_Base_Init
 .text.HAL_TIMEx_CommutCallback
                0x08002316        0x2 Drivers/STM32F4xx_HAL_Driver/Src/stm32f4xx_hal_tim_ex.o
                0x08002316                HAL_TIMEx_CommutCallback
 .text.HAL_TIMEx_BreakCallback
                0x08002318        0x2 Drivers/STM32F4xx_HAL_Driver/Src/stm32f4xx_hal_tim_ex.o
                0x08002318                HAL_TIMEx_BreakCallback
 .text.TimerCallback
                0x0800231a       0x10 Middlewares/Third_Party/FreeRTOS/Source/CMSIS_RTOS_V2/cmsis_os2.o
 *fill*         0x0800232a        0x2 
 .text.osKernelInitialize
                0x0800232c       0x44 Middlewares/Third_Party/FreeRTOS/Source/CMSIS_RTOS_V2/cmsis_os2.o
                0x0800232c                osKernelInitialize
 .text.osKernelStart
                0x08002370       0x4c Middlewares/Third_Party/FreeRTOS/Source/CMSIS_RTOS_V2/cmsis_os2.o
                0x08002370                osKernelStart
 .text.osThreadNew
                0x080023bc       0xe8 Middlewares/Third_Party/FreeRTOS/Source/CMSIS_RTOS_V2/cmsis_os2.o
                0x080023bc                osThreadNew
 .text.osDelay  0x080024a4       0x44 Middlewares/Third_Party/FreeRTOS/Source/CMSIS_RTOS_V2/cmsis_os2.o
                0x080024a4                osDelay
 .text.osTimerNew
                0x080024e8       0xb0 Middlewares/Third_Party/FreeRTOS/Source/CMSIS_RTOS_V2/cmsis_os2.o
                0x080024e8                osTimerNew
 .text.osTimerStart
                0x08002598       0x5c Middlewares/Third_Party/FreeRTOS/Source/CMSIS_RTOS_V2/cmsis_os2.o
                0x08002598                osTimerStart
 .text.osMutexNew
                0x080025f4       0xbc Middlewares/Third_Party/FreeRTOS/Source/CMSIS_RTOS_V2/cmsis_os2.o
                0x080025f4                osMutexNew
 .text.osMessageQueueNew
                0x080026b0       0xc0 Middlewares/Third_Party/FreeRTOS/Source/CMSIS_RTOS_V2/cmsis_os2.o
                0x080026b0                osMessageQueueNew
 .text.osMessageQueuePut
                0x08002770       0xa4 Middlewares/Third_Party/FreeRTOS/Source/CMSIS_RTOS_V2/cmsis_os2.o
                0x08002770                osMessageQueuePut
 .text.osMessageQueueGet
                0x08002814       0xa4 Middlewares/Third_Party/FreeRTOS/Source/CMSIS_RTOS_V2/cmsis_os2.o
                0x08002814                osMessageQueueGet
 .text.vApplicationGetIdleTaskMemory
                0x080028b8       0x1c Middlewares/Third_Party/FreeRTOS/Source/CMSIS_RTOS_V2/cmsis_os2.o
                0x080028b8                vApplicationGetIdleTaskMemory
 .text.vApplicationGetTimerTaskMemory
                0x080028d4       0x20 Middlewares/Third_Party/FreeRTOS/Source/CMSIS_RTOS_V2/cmsis_os2.o
                0x080028d4                vApplicationGetTimerTaskMemory
 .text.vListInitialise
                0x080028f4       0x16 Middlewares/Third_Party/FreeRTOS/Source/list.o
                0x080028f4                vListInitialise
 .text.vListInitialiseItem
                0x0800290a        0x6 Middlewares/Third_Party/FreeRTOS/Source/list.o
                0x0800290a                vListInitialiseItem
 .text.vListInsertEnd
                0x08002910       0x18 Middlewares/Third_Party/FreeRTOS/Source/list.o
                0x08002910                vListInsertEnd
 .text.vListInsert
                0x08002928       0x34 Middlewares/Third_Party/FreeRTOS/Source/list.o
                0x08002928                vListInsert
 .text.uxListRemove
                0x0800295c       0x28 Middlewares/Third_Party/FreeRTOS/Source/list.o
                0x0800295c                uxListRemove
 .text.prvIsQueueFull
                0x08002984       0x1e Middlewares/Third_Party/FreeRTOS/Source/queue.o
 .text.prvIsQueueEmpty
                0x080029a2       0x1a Middlewares/Third_Party/FreeRTOS/Source/queue.o
 .text.prvCopyDataToQueue
                0x080029bc       0x76 Middlewares/Third_Party/FreeRTOS/Source/queue.o
 .text.prvCopyDataFromQueue
                0x08002a32       0x24 Middlewares/Third_Party/FreeRTOS/Source/queue.o
 .text.prvUnlockQueue
                0x08002a56       0x6e Middlewares/Third_Party/FreeRTOS/Source/queue.o
 .text.xQueueGenericReset
                0x08002ac4       0x84 Middlewares/Third_Party/FreeRTOS/Source/queue.o
                0x08002ac4                xQueueGenericReset
 .text.prvInitialiseNewQueue
                0x08002b48       0x22 Middlewares/Third_Party/FreeRTOS/Source/queue.o
 .text.xQueueGenericCreateStatic
                0x08002b6a       0x90 Middlewares/Third_Party/FreeRTOS/Source/queue.o
                0x08002b6a                xQueueGenericCreateStatic
 .text.xQueueGenericCreate
                0x08002bfa       0x4e Middlewares/Third_Party/FreeRTOS/Source/queue.o
                0x08002bfa                xQueueGenericCreate
 .text.xQueueGenericSend
                0x08002c48      0x17c Middlewares/Third_Party/FreeRTOS/Source/queue.o
                0x08002c48                xQueueGenericSend
 .text.prvInitialiseMutex
                0x08002dc4       0x18 Middlewares/Third_Party/FreeRTOS/Source/queue.o
 .text.xQueueCreateMutex
                0x08002ddc       0x16 Middlewares/Third_Party/FreeRTOS/Source/queue.o
                0x08002ddc                xQueueCreateMutex
 .text.xQueueCreateMutexStatic
                0x08002df2       0x1e Middlewares/Third_Party/FreeRTOS/Source/queue.o
                0x08002df2                xQueueCreateMutexStatic
 .text.xQueueGenericSendFromISR
                0x08002e10       0xcc Middlewares/Third_Party/FreeRTOS/Source/queue.o
                0x08002e10                xQueueGenericSendFromISR
 .text.xQueueReceive
                0x08002edc      0x158 Middlewares/Third_Party/FreeRTOS/Source/queue.o
                0x08002edc                xQueueReceive
 .text.xQueueReceiveFromISR
                0x08003034       0xaa Middlewares/Third_Party/FreeRTOS/Source/queue.o
                0x08003034                xQueueReceiveFromISR
 *fill*         0x080030de        0x2 
 .text.vQueueAddToRegistry
                0x080030e0       0x28 Middlewares/Third_Party/FreeRTOS/Source/queue.o
                0x080030e0                vQueueAddToRegistry
 .text.vQueueWaitForMessageRestricted
                0x08003108       0x52 Middlewares/Third_Party/FreeRTOS/Source/queue.o
                0x08003108                vQueueWaitForMessageRestricted
 *fill*         0x0800315a        0x2 
 .text.prvResetNextTaskUnblockTime
                0x0800315c       0x24 Middlewares/Third_Party/FreeRTOS/Source/tasks.o
 .text.prvInitialiseNewTask
                0x08003180       0x90 Middlewares/Third_Party/FreeRTOS/Source/tasks.o
 .text.prvInitialiseTaskLists
                0x08003210       0x58 Middlewares/Third_Party/FreeRTOS/Source/tasks.o
 .text.prvAddNewTaskToReadyList
                0x08003268       0xb0 Middlewares/Third_Party/FreeRTOS/Source/tasks.o
 .text.prvDeleteTCB
                0x08003318       0x38 Middlewares/Third_Party/FreeRTOS/Source/tasks.o
 .text.prvCheckTasksWaitingTermination
                0x08003350       0x44 Middlewares/Third_Party/FreeRTOS/Source/tasks.o
 .text.prvIdleTask
                0x08003394       0x28 Middlewares/Third_Party/FreeRTOS/Source/tasks.o
 .text.prvAddCurrentTaskToDelayedList
                0x080033bc       0x6c Middlewares/Third_Party/FreeRTOS/Source/tasks.o
 .text.xTaskCreateStatic
                0x08003428       0x72 Middlewares/Third_Party/FreeRTOS/Source/tasks.o
                0x08003428                xTaskCreateStatic
 .text.xTaskCreate
                0x0800349a       0x66 Middlewares/Third_Party/FreeRTOS/Source/tasks.o
                0x0800349a                xTaskCreate
 .text.vTaskStartScheduler
                0x08003500       0x8c Middlewares/Third_Party/FreeRTOS/Source/tasks.o
                0x08003500                vTaskStartScheduler
 .text.vTaskSuspendAll
                0x0800358c       0x14 Middlewares/Third_Party/FreeRTOS/Source/tasks.o
                0x0800358c                vTaskSuspendAll
 .text.xTaskGetTickCount
                0x080035a0        0xc Middlewares/Third_Party/FreeRTOS/Source/tasks.o
                0x080035a0                xTaskGetTickCount
 .text.xTaskIncrementTick
                0x080035ac      0x10c Middlewares/Third_Party/FreeRTOS/Source/tasks.o
                0x080035ac                xTaskIncrementTick
 .text.xTaskResumeAll
                0x080036b8       0xf0 Middlewares/Third_Party/FreeRTOS/Source/tasks.o
                0x080036b8                xTaskResumeAll
 .text.vTaskDelay
                0x080037a8       0x4c Middlewares/Third_Party/FreeRTOS/Source/tasks.o
                0x080037a8                vTaskDelay
 .text.vTaskSwitchContext
                0x080037f4       0x94 Middlewares/Third_Party/FreeRTOS/Source/tasks.o
                0x080037f4                vTaskSwitchContext
 .text.vTaskPlaceOnEventList
                0x08003888       0x34 Middlewares/Third_Party/FreeRTOS/Source/tasks.o
                0x08003888                vTaskPlaceOnEventList
 .text.vTaskPlaceOnEventListRestricted
                0x080038bc       0x3c Middlewares/Third_Party/FreeRTOS/Source/tasks.o
                0x080038bc                vTaskPlaceOnEventListRestricted
 .text.xTaskRemoveFromEventList
                0x080038f8       0x88 Middlewares/Third_Party/FreeRTOS/Source/tasks.o
                0x080038f8                xTaskRemoveFromEventList
 .text.vTaskInternalSetTimeOutState
                0x08003980       0x14 Middlewares/Third_Party/FreeRTOS/Source/tasks.o
                0x08003980                vTaskInternalSetTimeOutState
 .text.xTaskCheckForTimeOut
                0x08003994       0x80 Middlewares/Third_Party/FreeRTOS/Source/tasks.o
                0x08003994                xTaskCheckForTimeOut
 .text.vTaskMissedYield
                0x08003a14       0x10 Middlewares/Third_Party/FreeRTOS/Source/tasks.o
                0x08003a14                vTaskMissedYield
 .text.xTaskGetSchedulerState
                0x08003a24       0x20 Middlewares/Third_Party/FreeRTOS/Source/tasks.o
                0x08003a24                xTaskGetSchedulerState
 .text.xTaskPriorityDisinherit
                0x08003a44       0x90 Middlewares/Third_Party/FreeRTOS/Source/tasks.o
                0x08003a44                xTaskPriorityDisinherit
 .text.prvGetNextExpireTime
                0x08003ad4       0x20 Middlewares/Third_Party/FreeRTOS/Source/timers.o
 .text.prvInsertTimerInActiveList
                0x08003af4       0x44 Middlewares/Third_Party/FreeRTOS/Source/timers.o
 .text.prvCheckForValidListAndQueue
                0x08003b38       0x5c Middlewares/Third_Party/FreeRTOS/Source/timers.o
 .text.prvInitialiseNewTimer
                0x08003b94       0x40 Middlewares/Third_Party/FreeRTOS/Source/timers.o
 .text.xTimerCreateTimerTask
                0x08003bd4       0x64 Middlewares/Third_Party/FreeRTOS/Source/timers.o
                0x08003bd4                xTimerCreateTimerTask
 .text.xTimerCreate
                0x08003c38       0x38 Middlewares/Third_Party/FreeRTOS/Source/timers.o
                0x08003c38                xTimerCreate
 .text.xTimerCreateStatic
                0x08003c70       0x4c Middlewares/Third_Party/FreeRTOS/Source/timers.o
                0x08003c70                xTimerCreateStatic
 .text.xTimerGenericCommand
                0x08003cbc       0x6c Middlewares/Third_Party/FreeRTOS/Source/timers.o
                0x08003cbc                xTimerGenericCommand
 .text.prvSwitchTimerLists
                0x08003d28       0x88 Middlewares/Third_Party/FreeRTOS/Source/timers.o
 .text.prvSampleTimeNow
                0x08003db0       0x30 Middlewares/Third_Party/FreeRTOS/Source/timers.o
 .text.prvProcessExpiredTimer
                0x08003de0       0x60 Middlewares/Third_Party/FreeRTOS/Source/timers.o
 .text.prvProcessTimerOrBlockTask
                0x08003e40       0x70 Middlewares/Third_Party/FreeRTOS/Source/timers.o
 .text.prvProcessReceivedCommands
                0x08003eb0       0xfc Middlewares/Third_Party/FreeRTOS/Source/timers.o
 .text.prvTimerTask
                0x08003fac       0x16 Middlewares/Third_Party/FreeRTOS/Source/timers.o
 .text.pvTimerGetTimerID
                0x08003fc2       0x26 Middlewares/Third_Party/FreeRTOS/Source/timers.o
                0x08003fc2                pvTimerGetTimerID
 .text.prvTaskExitError
                0x08003fe8       0x40 Middlewares/Third_Party/FreeRTOS/Source/portable/GCC/ARM_CM4F/port.o
 .text.prvPortStartFirstTask
                0x08004028       0x28 Middlewares/Third_Party/FreeRTOS/Source/portable/GCC/ARM_CM4F/port.o
 .text.vPortEnableVFP
                0x08004050       0x14 Middlewares/Third_Party/FreeRTOS/Source/portable/GCC/ARM_CM4F/port.o
 .text.pxPortInitialiseStack
                0x08004064       0x2c Middlewares/Third_Party/FreeRTOS/Source/portable/GCC/ARM_CM4F/port.o
                0x08004064                pxPortInitialiseStack
 .text.SVC_Handler
                0x08004090       0x24 Middlewares/Third_Party/FreeRTOS/Source/portable/GCC/ARM_CM4F/port.o
                0x08004090                SVC_Handler
 .text.vPortEnterCritical
                0x080040b4       0x44 Middlewares/Third_Party/FreeRTOS/Source/portable/GCC/ARM_CM4F/port.o
                0x080040b4                vPortEnterCritical
 .text.vPortExitCritical
                0x080040f8       0x2c Middlewares/Third_Party/FreeRTOS/Source/portable/GCC/ARM_CM4F/port.o
                0x080040f8                vPortExitCritical
 *fill*         0x08004124        0xc 
 .text.PendSV_Handler
                0x08004130       0x64 Middlewares/Third_Party/FreeRTOS/Source/portable/GCC/ARM_CM4F/port.o
                0x08004130                PendSV_Handler
 .text.SysTick_Handler
                0x08004194       0x2c Middlewares/Third_Party/FreeRTOS/Source/portable/GCC/ARM_CM4F/port.o
                0x08004194                SysTick_Handler
 .text.vPortSetupTimerInterrupt
                0x080041c0       0x38 Middlewares/Third_Party/FreeRTOS/Source/portable/GCC/ARM_CM4F/port.o
                0x080041c0                vPortSetupTimerInterrupt
 .text.xPortStartScheduler
                0x080041f8      0x108 Middlewares/Third_Party/FreeRTOS/Source/portable/GCC/ARM_CM4F/port.o
                0x080041f8                xPortStartScheduler
 .text.vPortValidateInterruptPriority
                0x08004300       0x58 Middlewares/Third_Party/FreeRTOS/Source/portable/GCC/ARM_CM4F/port.o
                0x08004300                vPortValidateInterruptPriority
 .text.prvHeapInit
                0x08004358       0x4c Middlewares/Third_Party/FreeRTOS/Source/portable/MemMang/heap_4.o
 .text.prvInsertBlockIntoFreeList
                0x080043a4       0x54 Middlewares/Third_Party/FreeRTOS/Source/portable/MemMang/heap_4.o
 .text.pvPortMalloc
                0x080043f8       0xf4 Middlewares/Third_Party/FreeRTOS/Source/portable/MemMang/heap_4.o
                0x080043f8                pvPortMalloc
 .text.vPortFree
                0x080044ec       0x6c Middlewares/Third_Party/FreeRTOS/Source/portable/MemMang/heap_4.o
                0x080044ec                vPortFree
 .text.Reset_Handler
                0x08004558       0x50 startup/startup_stm32f407xx.o
                0x08004558                Reset_Handler
 .text.Default_Handler
                0x080045a8        0x2 startup/startup_stm32f407xx.o
                0x080045a8                RTC_Alarm_IRQHandler
                0x080045a8                HASH_RNG_IRQHandler
                0x080045a8                EXTI2_IRQHandler
                0x080045a8                TIM8_CC_IRQHandler
                0x080045a8                TIM1_CC_IRQHandler
                0x080045a8                DMA2_Stream5_IRQHandler
                0x080045a8                DMA1_Stream5_IRQHandler
                0x080045a8                PVD_IRQHandler
                0x080045a8                SDIO_IRQHandler
                0x080045a8                TAMP_STAMP_IRQHandler
                0x080045a8                CAN2_RX1_IRQHandler
                0x080045a8                EXTI3_IRQHandler
                0x080045a8                TIM8_TRG_COM_TIM14_IRQHandler
                0x080045a8                TIM8_UP_TIM13_IRQHandler
                0x080045a8                I2C3_ER_IRQHandler
                0x080045a8                EXTI0_IRQHandler
                0x080045a8                I2C2_EV_IRQHandler
                0x080045a8                DMA1_Stream2_IRQHandler
                0x080045a8                CAN1_RX0_IRQHandler
                0x080045a8                FPU_IRQHandler
                0x080045a8                OTG_HS_WKUP_IRQHandler
                0x080045a8                CAN2_SCE_IRQHandler
                0x080045a8                DMA2_Stream2_IRQHandler
                0x080045a8                SPI1_IRQHandler
                0x080045a8                TIM6_DAC_IRQHandler
                0x080045a8                TIM1_BRK_TIM9_IRQHandler
                0x080045a8                DCMI_IRQHandler
                0x080045a8                CAN2_RX0_IRQHandler
                0x080045a8                DMA2_Stream3_IRQHandler
                0x080045a8                USART6_IRQHandler
                0x080045a8                USART3_IRQHandler
                0x080045a8                CAN1_RX1_IRQHandler
                0x080045a8                UART5_IRQHandler
                0x080045a8                DMA2_Stream0_IRQHandler
                0x080045a8                TIM4_IRQHandler
                0x080045a8                I2C1_EV_IRQHandler
                0x080045a8                DMA1_Stream6_IRQHandler
                0x080045a8                DMA1_Stream1_IRQHandler
                0x080045a8                UART4_IRQHandler
                0x080045a8                TIM3_IRQHandler
                0x080045a8                RCC_IRQHandler
                0x080045a8                TIM8_BRK_TIM12_IRQHandler
                0x080045a8                Default_Handler
                0x080045a8                EXTI15_10_IRQHandler
                0x080045a8                ADC_IRQHandler
                0x080045a8                DMA1_Stream7_IRQHandler
                0x080045a8                TIM7_IRQHandler
                0x080045a8                CAN2_TX_IRQHandler
                0x080045a8                TIM5_IRQHandler
                0x080045a8                DMA2_Stream7_IRQHandler
                0x080045a8                I2C3_EV_IRQHandler
                0x080045a8                EXTI9_5_IRQHandler
                0x080045a8                RTC_WKUP_IRQHandler
                0x080045a8                ETH_WKUP_IRQHandler
                0x080045a8                SPI2_IRQHandler
                0x080045a8                OTG_HS_EP1_IN_IRQHandler
                0x080045a8                DMA1_Stream0_IRQHandler
                0x080045a8                CAN1_TX_IRQHandler
                0x080045a8                EXTI4_IRQHandler
                0x080045a8                FSMC_IRQHandler
                0x080045a8                ETH_IRQHandler
                0x080045a8                OTG_HS_EP1_OUT_IRQHandler
                0x080045a8                WWDG_IRQHandler
                0x080045a8                TIM2_IRQHandler
                0x080045a8                OTG_FS_WKUP_IRQHandler
                0x080045a8                TIM1_TRG_COM_TIM11_IRQHandler
                0x080045a8                OTG_HS_IRQHandler
                0x080045a8                EXTI1_IRQHandler
                0x080045a8                USART2_IRQHandler
                0x080045a8                I2C2_ER_IRQHandler
                0x080045a8                DMA2_Stream1_IRQHandler
                0x080045a8                CAN1_SCE_IRQHandler
                0x080045a8                FLASH_IRQHandler
                0x080045a8                DMA2_Stream4_IRQHandler
                0x080045a8                USART1_IRQHandler
                0x080045a8                OTG_FS_IRQHandler
                0x080045a8                SPI3_IRQHandler
                0x080045a8                DMA1_Stream4_IRQHandler
                0x080045a8                I2C1_ER_IRQHandler
                0x080045a8                DMA2_Stream6_IRQHandler
                0x080045a8                DMA1_Stream3_IRQHandler
 *fill*         0x080045aa        0x2 
 .text.__libc_init_array
                0x080045ac       0x48 c:/ac6/systemworkbench/plugins/fr.ac6.mcu.externaltools.arm-none.win32_1.17.0.201812190825/tools/compiler/bin/../lib/gcc/arm-none-eabi/7.3.1/../../../../arm-none-eabi/lib/thumb/v7e-m/fpv4-sp/hard\libc_nano.a(lib_a-init.o)
                0x080045ac                __libc_init_array
 .text.memcpy   0x080045f4       0x16 c:/ac6/systemworkbench/plugins/fr.ac6.mcu.externaltools.arm-none.win32_1.17.0.201812190825/tools/compiler/bin/../lib/gcc/arm-none-eabi/7.3.1/../../../../arm-none-eabi/lib/thumb/v7e-m/fpv4-sp/hard\libc_nano.a(lib_a-memcpy-stub.o)
                0x080045f4                memcpy
 .text.memset   0x0800460a       0x10 c:/ac6/systemworkbench/plugins/fr.ac6.mcu.externaltools.arm-none.win32_1.17.0.201812190825/tools/compiler/bin/../lib/gcc/arm-none-eabi/7.3.1/../../../../arm-none-eabi/lib/thumb/v7e-m/fpv4-sp/hard\libc_nano.a(lib_a-memset.o)
                0x0800460a                memset
 *(.glue_7)
 .glue_7        0x0800461a        0x0 linker stubs
 *(.glue_7t)
 .glue_7t       0x0800461a        0x0 linker stubs
 *(.eh_frame)
 *fill*         0x0800461a        0x2 
 .eh_frame      0x0800461c        0x0 c:/ac6/systemworkbench/plugins/fr.ac6.mcu.externaltools.arm-none.win32_1.17.0.201812190825/tools/compiler/bin/../lib/gcc/arm-none-eabi/7.3.1/thumb/v7e-m/fpv4-sp/hard/crtbegin.o
 *(.init)
 .init          0x0800461c        0x4 c:/ac6/systemworkbench/plugins/fr.ac6.mcu.externaltools.arm-none.win32_1.17.0.201812190825/tools/compiler/bin/../lib/gcc/arm-none-eabi/7.3.1/thumb/v7e-m/fpv4-sp/hard/crti.o
                0x0800461c                _init
 .init          0x08004620        0x8 c:/ac6/systemworkbench/plugins/fr.ac6.mcu.externaltools.arm-none.win32_1.17.0.201812190825/tools/compiler/bin/../lib/gcc/arm-none-eabi/7.3.1/thumb/v7e-m/fpv4-sp/hard/crtn.o
 *(.fini)
 .fini          0x08004628        0x4 c:/ac6/systemworkbench/plugins/fr.ac6.mcu.externaltools.arm-none.win32_1.17.0.201812190825/tools/compiler/bin/../lib/gcc/arm-none-eabi/7.3.1/thumb/v7e-m/fpv4-sp/hard/crti.o
                0x08004628                _fini
 .fini          0x0800462c        0x8 c:/ac6/systemworkbench/plugins/fr.ac6.mcu.externaltools.arm-none.win32_1.17.0.201812190825/tools/compiler/bin/../lib/gcc/arm-none-eabi/7.3.1/thumb/v7e-m/fpv4-sp/hard/crtn.o
                0x08004634                . = ALIGN (0x4)
                0x08004634                _etext = .

.vfp11_veneer   0x08004634        0x0
 .vfp11_veneer  0x08004634        0x0 linker stubs

.v4_bx          0x08004634        0x0
 .v4_bx         0x08004634        0x0 linker stubs

.iplt           0x08004634        0x0
 .iplt          0x08004634        0x0 c:/ac6/systemworkbench/plugins/fr.ac6.mcu.externaltools.arm-none.win32_1.17.0.201812190825/tools/compiler/bin/../lib/gcc/arm-none-eabi/7.3.1/thumb/v7e-m/fpv4-sp/hard/crtbegin.o

.rodata         0x08004634     0x28a4
                0x08004634                . = ALIGN (0x4)
 *(.rodata)
 .rodata        0x08004634     0x2814 Core/Src/fonts.o
 .rodata        0x08006e48       0x30 Core/Src/freertos.o
 .rodata        0x08006e78       0x18 Core/Src/system_stm32f4xx.o
                0x08006e78                AHBPrescTable
                0x08006e88                APBPrescTable
 *(.rodata*)
 .rodata.str1.4
                0x08006e90       0x2f Core/Src/freertos.o
 *fill*         0x08006ebf        0x1 
 .rodata.str1.4
                0x08006ec0        0x5 Middlewares/Third_Party/FreeRTOS/Source/tasks.o
 *fill*         0x08006ec5        0x3 
 .rodata.str1.4
                0x08006ec8       0x10 Middlewares/Third_Party/FreeRTOS/Source/timers.o
                0x08006ed8                . = ALIGN (0x4)

.ARM.extab
 *(.ARM.extab* .gnu.linkonce.armextab.*)

.ARM            0x08006ed8        0x8
                0x08006ed8                __exidx_start = .
 *(.ARM.exidx*)
 .ARM.exidx     0x08006ed8        0x8 c:/ac6/systemworkbench/plugins/fr.ac6.mcu.externaltools.arm-none.win32_1.17.0.201812190825/tools/compiler/bin/../lib/gcc/arm-none-eabi/7.3.1/thumb/v7e-m/fpv4-sp/hard\libgcc.a(_udivmoddi4.o)
                0x08006ee0                __exidx_end = .

.rel.dyn        0x08006ee0        0x0
 .rel.iplt      0x08006ee0        0x0 c:/ac6/systemworkbench/plugins/fr.ac6.mcu.externaltools.arm-none.win32_1.17.0.201812190825/tools/compiler/bin/../lib/gcc/arm-none-eabi/7.3.1/thumb/v7e-m/fpv4-sp/hard/crtbegin.o

.preinit_array  0x08006ee0        0x0
                0x08006ee0                PROVIDE (__preinit_array_start = .)
 *(.preinit_array*)
                0x08006ee0                PROVIDE (__preinit_array_end = .)

.init_array     0x08006ee0        0x4
                0x08006ee0                PROVIDE (__init_array_start = .)
 *(SORT_BY_NAME(.init_array.*))
 *(.init_array*)
 .init_array    0x08006ee0        0x4 c:/ac6/systemworkbench/plugins/fr.ac6.mcu.externaltools.arm-none.win32_1.17.0.201812190825/tools/compiler/bin/../lib/gcc/arm-none-eabi/7.3.1/thumb/v7e-m/fpv4-sp/hard/crtbegin.o
                0x08006ee4                PROVIDE (__init_array_end = .)

.fini_array     0x08006ee4        0x4
                [!provide]                PROVIDE (__fini_array_start = .)
 *(SORT_BY_NAME(.fini_array.*))
 *(.fini_array*)
 .fini_array    0x08006ee4        0x4 c:/ac6/systemworkbench/plugins/fr.ac6.mcu.externaltools.arm-none.win32_1.17.0.201812190825/tools/compiler/bin/../lib/gcc/arm-none-eabi/7.3.1/thumb/v7e-m/fpv4-sp/hard/crtbegin.o
                [!provide]                PROVIDE (__fini_array_end = .)
                0x08006ee8                _sidata = LOADADDR (.data)

.data           0x20000000       0x28 load address 0x08006ee8
                0x20000000                . = ALIGN (0x4)
                0x20000000                _sdata = .
 *(.data)
 .data          0x20000000       0x18 Core/Src/fonts.o
                0x20000000                Font_16x26
                0x20000008                Font_11x18
                0x20000010                Font_7x10
 .data          0x20000018        0x4 Core/Src/system_stm32f4xx.o
                0x20000018                SystemCoreClock
 .data          0x2000001c        0x8 Drivers/STM32F4xx_HAL_Driver/Src/stm32f4xx_hal.o
                0x2000001c                uwTickFreq
                0x20000020                uwTickPrio
 .data          0x20000024        0x4 Middlewares/Third_Party/FreeRTOS/Source/portable/GCC/ARM_CM4F/port.o
 *(.data*)
                0x20000028                . = ALIGN (0x4)
                0x20000028                _edata = .
                0x08006f10                _siccmram = LOADADDR (.ccmram)

.igot.plt       0x20000028        0x0 load address 0x08006f10
 .igot.plt      0x20000028        0x0 c:/ac6/systemworkbench/plugins/fr.ac6.mcu.externaltools.arm-none.win32_1.17.0.201812190825/tools/compiler/bin/../lib/gcc/arm-none-eabi/7.3.1/thumb/v7e-m/fpv4-sp/hard/crtbegin.o

.ccmram         0x10000000        0x0 load address 0x08006f10
                0x10000000                . = ALIGN (0x4)
                0x10000000                _sccmram = .
 *(.ccmram)
 *(.ccmram*)
                0x10000000                . = ALIGN (0x4)
                0x10000000                _eccmram = .
                0x10000000                . = ALIGN (0x4)

.bss            0x20000028     0x4e14
                0x20000028                _sbss = .
                0x20000028                __bss_start__ = _sbss
 *(.bss)
 .bss           0x20000028       0x1c c:/ac6/systemworkbench/plugins/fr.ac6.mcu.externaltools.arm-none.win32_1.17.0.201812190825/tools/compiler/bin/../lib/gcc/arm-none-eabi/7.3.1/thumb/v7e-m/fpv4-sp/hard/crtbegin.o
 .bss           0x20000044      0x406 Core/Src/oled.o
 *fill*         0x2000044a        0x2 
 .bss           0x2000044c      0x6bc Middlewares/Third_Party/FreeRTOS/Source/CMSIS_RTOS_V2/cmsis_os2.o
 .bss           0x20000b08      0x4fc Middlewares/Third_Party/FreeRTOS/Source/tasks.o
                0x20000fdc                pxCurrentTCB
 .bss           0x20001004      0x12c Middlewares/Third_Party/FreeRTOS/Source/timers.o
 .bss           0x20001130        0x8 Middlewares/Third_Party/FreeRTOS/Source/portable/GCC/ARM_CM4F/port.o
 .bss           0x20001138     0x3c18 Middlewares/Third_Party/FreeRTOS/Source/portable/MemMang/heap_4.o
 *(.bss*)
 *(COMMON)
 COMMON         0x20004d50       0x14 Core/Src/freertos.o
                0x20004d50                global_timerHandle
                0x20004d54                task_1Handle
                0x20004d58                task_2Handle
                0x20004d5c                global_mutexHandle
                0x20004d60                global_queue
 COMMON         0x20004d64       0x54 Core/Src/i2c.o
                0x20004d64                hi2c1
 COMMON         0x20004db8       0x40 Core/Src/stm32f4xx_hal_timebase_tim.o
                0x20004db8                htim1
 COMMON         0x20004df8        0x4 Drivers/STM32F4xx_HAL_Driver/Src/stm32f4xx_hal.o
                0x20004df8                uwTick
 COMMON         0x20004dfc       0x40 Middlewares/Third_Party/FreeRTOS/Source/queue.o
                0x20004dfc                xQueueRegistry
                0x20004e3c                . = ALIGN (0x4)
                0x20004e3c                _ebss = .
                0x20004e3c                __bss_end__ = _ebss

._user_heap_stack
                0x20004e3c      0x604
                0x20004e40                . = ALIGN (0x8)
 *fill*         0x20004e3c        0x4 
                0x20004e40                PROVIDE (end = .)
                [!provide]                PROVIDE (_end = .)
                0x20005040                . = (. + _Min_Heap_Size)
 *fill*         0x20004e40      0x200 
                0x20005440                . = (. + _Min_Stack_Size)
 *fill*         0x20005040      0x400 
                0x20005440                . = ALIGN (0x8)

/DISCARD/
 libc.a(*)
 libm.a(*)
 libgcc.a(*)

.ARM.attributes
                0x00000000       0x30
 *(.ARM.attributes)
 .ARM.attributes
                0x00000000       0x22 c:/ac6/systemworkbench/plugins/fr.ac6.mcu.externaltools.arm-none.win32_1.17.0.201812190825/tools/compiler/bin/../lib/gcc/arm-none-eabi/7.3.1/thumb/v7e-m/fpv4-sp/hard/crti.o
 .ARM.attributes
                0x00000022       0x34 c:/ac6/systemworkbench/plugins/fr.ac6.mcu.externaltools.arm-none.win32_1.17.0.201812190825/tools/compiler/bin/../lib/gcc/arm-none-eabi/7.3.1/thumb/v7e-m/fpv4-sp/hard/crtbegin.o
 .ARM.attributes
                0x00000056       0x39 Core/Src/fonts.o
 .ARM.attributes
                0x0000008f       0x39 Core/Src/freertos.o
 .ARM.attributes
                0x000000c8       0x39 Core/Src/gpio.o
 .ARM.attributes
                0x00000101       0x39 Core/Src/i2c.o
 .ARM.attributes
                0x0000013a       0x39 Core/Src/keyboard.o
 .ARM.attributes
                0x00000173       0x39 Core/Src/main.o
 .ARM.attributes
                0x000001ac       0x39 Core/Src/oled.o
 .ARM.attributes
                0x000001e5       0x39 Core/Src/stm32f4xx_hal_msp.o
 .ARM.attributes
                0x0000021e       0x39 Core/Src/stm32f4xx_hal_timebase_tim.o
 .ARM.attributes
                0x00000257       0x39 Core/Src/stm32f4xx_it.o
 .ARM.attributes
                0x00000290       0x39 Core/Src/system_stm32f4xx.o
 .ARM.attributes
                0x000002c9       0x39 Drivers/STM32F4xx_HAL_Driver/Src/stm32f4xx_hal.o
 .ARM.attributes
                0x00000302       0x39 Drivers/STM32F4xx_HAL_Driver/Src/stm32f4xx_hal_cortex.o
 .ARM.attributes
                0x0000033b       0x39 Drivers/STM32F4xx_HAL_Driver/Src/stm32f4xx_hal_gpio.o
 .ARM.attributes
                0x00000374       0x39 Drivers/STM32F4xx_HAL_Driver/Src/stm32f4xx_hal_i2c.o
 .ARM.attributes
                0x000003ad       0x39 Drivers/STM32F4xx_HAL_Driver/Src/stm32f4xx_hal_rcc.o
 .ARM.attributes
                0x000003e6       0x39 Drivers/STM32F4xx_HAL_Driver/Src/stm32f4xx_hal_tim.o
 .ARM.attributes
                0x0000041f       0x39 Drivers/STM32F4xx_HAL_Driver/Src/stm32f4xx_hal_tim_ex.o
 .ARM.attributes
                0x00000458       0x39 Middlewares/Third_Party/FreeRTOS/Source/CMSIS_RTOS_V2/cmsis_os2.o
 .ARM.attributes
                0x00000491       0x39 Middlewares/Third_Party/FreeRTOS/Source/list.o
 .ARM.attributes
                0x000004ca       0x39 Middlewares/Third_Party/FreeRTOS/Source/queue.o
 .ARM.attributes
                0x00000503       0x39 Middlewares/Third_Party/FreeRTOS/Source/tasks.o
 .ARM.attributes
                0x0000053c       0x39 Middlewares/Third_Party/FreeRTOS/Source/timers.o
 .ARM.attributes
                0x00000575       0x39 Middlewares/Third_Party/FreeRTOS/Source/portable/GCC/ARM_CM4F/port.o
 .ARM.attributes
                0x000005ae       0x39 Middlewares/Third_Party/FreeRTOS/Source/portable/MemMang/heap_4.o
 .ARM.attributes
                0x000005e7       0x21 startup/startup_stm32f407xx.o
 .ARM.attributes
                0x00000608       0x22 c:/ac6/systemworkbench/plugins/fr.ac6.mcu.externaltools.arm-none.win32_1.17.0.201812190825/tools/compiler/bin/../lib/gcc/arm-none-eabi/7.3.1/thumb/v7e-m/fpv4-sp/hard\libgcc.a(_aeabi_uldivmod.o)
 .ARM.attributes
                0x0000062a       0x34 c:/ac6/systemworkbench/plugins/fr.ac6.mcu.externaltools.arm-none.win32_1.17.0.201812190825/tools/compiler/bin/../lib/gcc/arm-none-eabi/7.3.1/thumb/v7e-m/fpv4-sp/hard\libgcc.a(_udivmoddi4.o)
 .ARM.attributes
                0x0000065e       0x22 c:/ac6/systemworkbench/plugins/fr.ac6.mcu.externaltools.arm-none.win32_1.17.0.201812190825/tools/compiler/bin/../lib/gcc/arm-none-eabi/7.3.1/thumb/v7e-m/fpv4-sp/hard\libgcc.a(_dvmd_tls.o)
 .ARM.attributes
                0x00000680       0x34 c:/ac6/systemworkbench/plugins/fr.ac6.mcu.externaltools.arm-none.win32_1.17.0.201812190825/tools/compiler/bin/../lib/gcc/arm-none-eabi/7.3.1/../../../../arm-none-eabi/lib/thumb/v7e-m/fpv4-sp/hard\libc_nano.a(lib_a-init.o)
 .ARM.attributes
                0x000006b4       0x34 c:/ac6/systemworkbench/plugins/fr.ac6.mcu.externaltools.arm-none.win32_1.17.0.201812190825/tools/compiler/bin/../lib/gcc/arm-none-eabi/7.3.1/../../../../arm-none-eabi/lib/thumb/v7e-m/fpv4-sp/hard\libc_nano.a(lib_a-memcpy-stub.o)
 .ARM.attributes
                0x000006e8       0x34 c:/ac6/systemworkbench/plugins/fr.ac6.mcu.externaltools.arm-none.win32_1.17.0.201812190825/tools/compiler/bin/../lib/gcc/arm-none-eabi/7.3.1/../../../../arm-none-eabi/lib/thumb/v7e-m/fpv4-sp/hard\libc_nano.a(lib_a-memset.o)
 .ARM.attributes
                0x0000071c       0x22 c:/ac6/systemworkbench/plugins/fr.ac6.mcu.externaltools.arm-none.win32_1.17.0.201812190825/tools/compiler/bin/../lib/gcc/arm-none-eabi/7.3.1/thumb/v7e-m/fpv4-sp/hard/crtn.o
OUTPUT(cubemx_1.elf elf32-littlearm)

.debug_info     0x00000000    0x1e9d7
 .debug_info    0x00000000      0x22b Core/Src/fonts.o
 .debug_info    0x0000022b      0xdbd Core/Src/freertos.o
 .debug_info    0x00000fe8      0x4af Core/Src/gpio.o
 .debug_info    0x00001497      0xa16 Core/Src/i2c.o
 .debug_info    0x00001ead      0x91b Core/Src/keyboard.o
 .debug_info    0x000027c8      0xdeb Core/Src/main.o
 .debug_info    0x000035b3      0xc25 Core/Src/oled.o
 .debug_info    0x000041d8      0x562 Core/Src/stm32f4xx_hal_msp.o
 .debug_info    0x0000473a      0xbad Core/Src/stm32f4xx_hal_timebase_tim.o
 .debug_info    0x000052e7      0x687 Core/Src/stm32f4xx_it.o
 .debug_info    0x0000596e      0x507 Core/Src/system_stm32f4xx.o
 .debug_info    0x00005e75      0x9cc Drivers/STM32F4xx_HAL_Driver/Src/stm32f4xx_hal.o
 .debug_info    0x00006841      0xf3a Drivers/STM32F4xx_HAL_Driver/Src/stm32f4xx_hal_cortex.o
 .debug_info    0x0000777b      0x770 Drivers/STM32F4xx_HAL_Driver/Src/stm32f4xx_hal_gpio.o
 .debug_info    0x00007eeb     0x327d Drivers/STM32F4xx_HAL_Driver/Src/stm32f4xx_hal_i2c.o
 .debug_info    0x0000b168      0xa39 Drivers/STM32F4xx_HAL_Driver/Src/stm32f4xx_hal_rcc.o
 .debug_info    0x0000bba1     0x3188 Drivers/STM32F4xx_HAL_Driver/Src/stm32f4xx_hal_tim.o
 .debug_info    0x0000ed29     0x1497 Drivers/STM32F4xx_HAL_Driver/Src/stm32f4xx_hal_tim_ex.o
 .debug_info    0x000101c0     0x4b3b Middlewares/Third_Party/FreeRTOS/Source/CMSIS_RTOS_V2/cmsis_os2.o
 .debug_info    0x00014cfb      0xad2 Middlewares/Third_Party/FreeRTOS/Source/list.o
 .debug_info    0x000157cd     0x2c63 Middlewares/Third_Party/FreeRTOS/Source/queue.o
 .debug_info    0x00018430     0x3423 Middlewares/Third_Party/FreeRTOS/Source/tasks.o
 .debug_info    0x0001b853     0x1f82 Middlewares/Third_Party/FreeRTOS/Source/timers.o
 .debug_info    0x0001d7d5      0x56f Middlewares/Third_Party/FreeRTOS/Source/portable/GCC/ARM_CM4F/port.o
 .debug_info    0x0001dd44      0xc71 Middlewares/Third_Party/FreeRTOS/Source/portable/MemMang/heap_4.o
 .debug_info    0x0001e9b5       0x22 startup/startup_stm32f407xx.o

.debug_abbrev   0x00000000     0x389b
 .debug_abbrev  0x00000000       0xc2 Core/Src/fonts.o
 .debug_abbrev  0x000000c2      0x1f6 Core/Src/freertos.o
 .debug_abbrev  0x000002b8      0x162 Core/Src/gpio.o
 .debug_abbrev  0x0000041a      0x1c9 Core/Src/i2c.o
 .debug_abbrev  0x000005e3      0x202 Core/Src/keyboard.o
 .debug_abbrev  0x000007e5      0x214 Core/Src/main.o
 .debug_abbrev  0x000009f9      0x21b Core/Src/oled.o
 .debug_abbrev  0x00000c14      0x133 Core/Src/stm32f4xx_hal_msp.o
 .debug_abbrev  0x00000d47      0x1f0 Core/Src/stm32f4xx_hal_timebase_tim.o
 .debug_abbrev  0x00000f37      0x178 Core/Src/stm32f4xx_it.o
 .debug_abbrev  0x000010af      0x111 Core/Src/system_stm32f4xx.o
 .debug_abbrev  0x000011c0      0x1f1 Drivers/STM32F4xx_HAL_Driver/Src/stm32f4xx_hal.o
 .debug_abbrev  0x000013b1      0x328 Drivers/STM32F4xx_HAL_Driver/Src/stm32f4xx_hal_cortex.o
 .debug_abbrev  0x000016d9      0x1e7 Drivers/STM32F4xx_HAL_Driver/Src/stm32f4xx_hal_gpio.o
 .debug_abbrev  0x000018c0      0x284 Drivers/STM32F4xx_HAL_Driver/Src/stm32f4xx_hal_i2c.o
 .debug_abbrev  0x00001b44      0x273 Drivers/STM32F4xx_HAL_Driver/Src/stm32f4xx_hal_rcc.o
 .debug_abbrev  0x00001db7      0x226 Drivers/STM32F4xx_HAL_Driver/Src/stm32f4xx_hal_tim.o
 .debug_abbrev  0x00001fdd      0x237 Drivers/STM32F4xx_HAL_Driver/Src/stm32f4xx_hal_tim_ex.o
 .debug_abbrev  0x00002214      0x434 Middlewares/Third_Party/FreeRTOS/Source/CMSIS_RTOS_V2/cmsis_os2.o
 .debug_abbrev  0x00002648      0x223 Middlewares/Third_Party/FreeRTOS/Source/list.o
 .debug_abbrev  0x0000286b      0x3ce Middlewares/Third_Party/FreeRTOS/Source/queue.o
 .debug_abbrev  0x00002c39      0x3a8 Middlewares/Third_Party/FreeRTOS/Source/tasks.o
 .debug_abbrev  0x00002fe1      0x353 Middlewares/Third_Party/FreeRTOS/Source/timers.o
 .debug_abbrev  0x00003334      0x23d Middlewares/Third_Party/FreeRTOS/Source/portable/GCC/ARM_CM4F/port.o
 .debug_abbrev  0x00003571      0x318 Middlewares/Third_Party/FreeRTOS/Source/portable/MemMang/heap_4.o
 .debug_abbrev  0x00003889       0x12 startup/startup_stm32f407xx.o

.debug_aranges  0x00000000     0x13c0
 .debug_aranges
                0x00000000       0x18 Core/Src/fonts.o
 .debug_aranges
                0x00000018       0x38 Core/Src/freertos.o
 .debug_aranges
                0x00000050       0x20 Core/Src/gpio.o
 .debug_aranges
                0x00000070       0x30 Core/Src/i2c.o
 .debug_aranges
                0x000000a0       0x38 Core/Src/keyboard.o
 .debug_aranges
                0x000000d8       0x38 Core/Src/main.o
 .debug_aranges
                0x00000110       0x58 Core/Src/oled.o
 .debug_aranges
                0x00000168       0x20 Core/Src/stm32f4xx_hal_msp.o
 .debug_aranges
                0x00000188       0x30 Core/Src/stm32f4xx_hal_timebase_tim.o
 .debug_aranges
                0x000001b8       0x50 Core/Src/stm32f4xx_it.o
 .debug_aranges
                0x00000208       0x28 Core/Src/system_stm32f4xx.o
 .debug_aranges
                0x00000230       0xf0 Drivers/STM32F4xx_HAL_Driver/Src/stm32f4xx_hal.o
 .debug_aranges
                0x00000320       0xa8 Drivers/STM32F4xx_HAL_Driver/Src/stm32f4xx_hal_cortex.o
 .debug_aranges
                0x000003c8       0x58 Drivers/STM32F4xx_HAL_Driver/Src/stm32f4xx_hal_gpio.o
 .debug_aranges
                0x00000420      0x290 Drivers/STM32F4xx_HAL_Driver/Src/stm32f4xx_hal_i2c.o
 .debug_aranges
                0x000006b0       0x88 Drivers/STM32F4xx_HAL_Driver/Src/stm32f4xx_hal_rcc.o
 .debug_aranges
                0x00000738      0x3a8 Drivers/STM32F4xx_HAL_Driver/Src/stm32f4xx_hal_tim.o
 .debug_aranges
                0x00000ae0      0x150 Drivers/STM32F4xx_HAL_Driver/Src/stm32f4xx_hal_tim_ex.o
 .debug_aranges
                0x00000c30      0x228 Middlewares/Third_Party/FreeRTOS/Source/CMSIS_RTOS_V2/cmsis_os2.o
 .debug_aranges
                0x00000e58       0x40 Middlewares/Third_Party/FreeRTOS/Source/list.o
 .debug_aranges
                0x00000e98      0x158 Middlewares/Third_Party/FreeRTOS/Source/queue.o
 .debug_aranges
                0x00000ff0      0x1f8 Middlewares/Third_Party/FreeRTOS/Source/tasks.o
 .debug_aranges
                0x000011e8       0xe0 Middlewares/Third_Party/FreeRTOS/Source/timers.o
 .debug_aranges
                0x000012c8       0x80 Middlewares/Third_Party/FreeRTOS/Source/portable/GCC/ARM_CM4F/port.o
 .debug_aranges
                0x00001348       0x50 Middlewares/Third_Party/FreeRTOS/Source/portable/MemMang/heap_4.o
 .debug_aranges
                0x00001398       0x28 startup/startup_stm32f407xx.o

.debug_macro    0x00000000    0x2285f
 .debug_macro   0x00000000      0x1e8 Core/Src/fonts.o
 .debug_macro   0x000001e8      0xa60 Core/Src/fonts.o
 .debug_macro   0x00000c48      0x18a Core/Src/fonts.o
 .debug_macro   0x00000dd2       0x32 Core/Src/fonts.o
 .debug_macro   0x00000e04       0x2f Core/Src/fonts.o
 .debug_macro   0x00000e33       0x22 Core/Src/fonts.o
 .debug_macro   0x00000e55       0x8e Core/Src/fonts.o
 .debug_macro   0x00000ee3       0x51 Core/Src/fonts.o
 .debug_macro   0x00000f34       0xef Core/Src/fonts.o
 .debug_macro   0x00001023       0x6a Core/Src/fonts.o
 .debug_macro   0x0000108d      0x1df Core/Src/fonts.o
 .debug_macro   0x0000126c       0x1c Core/Src/fonts.o
 .debug_macro   0x00001288       0x22 Core/Src/fonts.o
 .debug_macro   0x000012aa       0xdf Core/Src/fonts.o
 .debug_macro   0x00001389     0x102d Core/Src/fonts.o
 .debug_macro   0x000023b6      0x11f Core/Src/fonts.o
 .debug_macro   0x000024d5    0x15e43 Core/Src/fonts.o
 .debug_macro   0x00018318       0x43 Core/Src/fonts.o
 .debug_macro   0x0001835b     0x35d4 Core/Src/fonts.o
 .debug_macro   0x0001b92f      0x174 Core/Src/fonts.o
 .debug_macro   0x0001baa3       0x4e Core/Src/fonts.o
 .debug_macro   0x0001baf1      0x96b Core/Src/fonts.o
 .debug_macro   0x0001c45c      0x9fe Core/Src/fonts.o
 .debug_macro   0x0001ce5a       0xed Core/Src/fonts.o
 .debug_macro   0x0001cf47      0x117 Core/Src/fonts.o
 .debug_macro   0x0001d05e      0x13e Core/Src/fonts.o
 .debug_macro   0x0001d19c       0x27 Core/Src/fonts.o
 .debug_macro   0x0001d1c3      0x287 Core/Src/fonts.o
 .debug_macro   0x0001d44a       0x5f Core/Src/fonts.o
 .debug_macro   0x0001d4a9      0x236 Core/Src/fonts.o
 .debug_macro   0x0001d6df      0x12c Core/Src/fonts.o
 .debug_macro   0x0001d80b      0x21e Core/Src/fonts.o
 .debug_macro   0x0001da29       0x2e Core/Src/fonts.o
 .debug_macro   0x0001da57      0x1ae Core/Src/fonts.o
 .debug_macro   0x0001dc05       0xd6 Core/Src/fonts.o
 .debug_macro   0x0001dcdb      0x11a Core/Src/fonts.o
 .debug_macro   0x0001ddf5       0x7e Core/Src/fonts.o
 .debug_macro   0x0001de73       0x89 Core/Src/fonts.o
 .debug_macro   0x0001defc      0x87d Core/Src/fonts.o
 .debug_macro   0x0001e779       0x47 Core/Src/fonts.o
 .debug_macro   0x0001e7c0      0x12d Core/Src/fonts.o
 .debug_macro   0x0001e8ed      0x2b0 Core/Src/freertos.o
 .debug_macro   0x0001eb9d      0x122 Core/Src/freertos.o
 .debug_macro   0x0001ecbf      0x15a Core/Src/freertos.o
 .debug_macro   0x0001ee19       0xc2 Core/Src/freertos.o
 .debug_macro   0x0001eedb       0x10 Core/Src/freertos.o
 .debug_macro   0x0001eeeb       0x1f Core/Src/freertos.o
 .debug_macro   0x0001ef0a      0x47f Core/Src/freertos.o
 .debug_macro   0x0001f389       0xb5 Core/Src/freertos.o
 .debug_macro   0x0001f43e       0x8c Core/Src/freertos.o
 .debug_macro   0x0001f4ca       0x5f Core/Src/freertos.o
 .debug_macro   0x0001f529       0x74 Core/Src/freertos.o
 .debug_macro   0x0001f59d       0xdd Core/Src/freertos.o
 .debug_macro   0x0001f67a       0x22 Core/Src/freertos.o
 .debug_macro   0x0001f69c       0x16 Core/Src/freertos.o
 .debug_macro   0x0001f6b2      0x1f2 Core/Src/gpio.o
 .debug_macro   0x0001f8a4      0x1f2 Core/Src/i2c.o
 .debug_macro   0x0001fa96      0x211 Core/Src/keyboard.o
 .debug_macro   0x0001fca7      0x297 Core/Src/main.o
 .debug_macro   0x0001ff3e      0x122 Core/Src/main.o
 .debug_macro   0x00020060      0x205 Core/Src/oled.o
 .debug_macro   0x00020265      0x1e8 Core/Src/stm32f4xx_hal_msp.o
 .debug_macro   0x0002044d      0x1de Core/Src/stm32f4xx_hal_timebase_tim.o
 .debug_macro   0x0002062b      0x25a Core/Src/stm32f4xx_it.o
 .debug_macro   0x00020885      0x1e4 Core/Src/system_stm32f4xx.o
 .debug_macro   0x00020a69      0x23e Drivers/STM32F4xx_HAL_Driver/Src/stm32f4xx_hal.o
 .debug_macro   0x00020ca7      0x1de Drivers/STM32F4xx_HAL_Driver/Src/stm32f4xx_hal_cortex.o
 .debug_macro   0x00020e85      0x214 Drivers/STM32F4xx_HAL_Driver/Src/stm32f4xx_hal_gpio.o
 .debug_macro   0x00021099      0x21e Drivers/STM32F4xx_HAL_Driver/Src/stm32f4xx_hal_i2c.o
 .debug_macro   0x000212b7      0x202 Drivers/STM32F4xx_HAL_Driver/Src/stm32f4xx_hal_rcc.o
 .debug_macro   0x000214b9      0x1df Drivers/STM32F4xx_HAL_Driver/Src/stm32f4xx_hal_tim.o
 .debug_macro   0x00021698      0x1de Drivers/STM32F4xx_HAL_Driver/Src/stm32f4xx_hal_tim_ex.o
 .debug_macro   0x00021876      0x235 Middlewares/Third_Party/FreeRTOS/Source/CMSIS_RTOS_V2/cmsis_os2.o
 .debug_macro   0x00021aab       0x10 Middlewares/Third_Party/FreeRTOS/Source/CMSIS_RTOS_V2/cmsis_os2.o
 .debug_macro   0x00021abb       0x10 Middlewares/Third_Party/FreeRTOS/Source/CMSIS_RTOS_V2/cmsis_os2.o
 .debug_macro   0x00021acb       0xd3 Middlewares/Third_Party/FreeRTOS/Source/CMSIS_RTOS_V2/cmsis_os2.o
 .debug_macro   0x00021b9e       0x91 Middlewares/Third_Party/FreeRTOS/Source/CMSIS_RTOS_V2/cmsis_os2.o
 .debug_macro   0x00021c2f       0x8d Middlewares/Third_Party/FreeRTOS/Source/CMSIS_RTOS_V2/cmsis_os2.o
 .debug_macro   0x00021cbc       0x9a Middlewares/Third_Party/FreeRTOS/Source/CMSIS_RTOS_V2/cmsis_os2.o
 .debug_macro   0x00021d56      0x17a Middlewares/Third_Party/FreeRTOS/Source/list.o
 .debug_macro   0x00021ed0      0x200 Middlewares/Third_Party/FreeRTOS/Source/queue.o
 .debug_macro   0x000220d0       0x16 Middlewares/Third_Party/FreeRTOS/Source/queue.o
 .debug_macro   0x000220e6      0x275 Middlewares/Third_Party/FreeRTOS/Source/tasks.o
 .debug_macro   0x0002235b       0x10 Middlewares/Third_Party/FreeRTOS/Source/tasks.o
 .debug_macro   0x0002236b      0x1bd Middlewares/Third_Party/FreeRTOS/Source/timers.o
 .debug_macro   0x00022528      0x196 Middlewares/Third_Party/FreeRTOS/Source/portable/GCC/ARM_CM4F/port.o
 .debug_macro   0x000226be      0x1a1 Middlewares/Third_Party/FreeRTOS/Source/portable/MemMang/heap_4.o

.debug_line     0x00000000    0x10713
 .debug_line    0x00000000      0x68c Core/Src/fonts.o
 .debug_line    0x0000068c      0x90a Core/Src/freertos.o
 .debug_line    0x00000f96      0x6ae Core/Src/gpio.o
 .debug_line    0x00001644      0x6e6 Core/Src/i2c.o
 .debug_line    0x00001d2a      0x71e Core/Src/keyboard.o
 .debug_line    0x00002448      0x8c6 Core/Src/main.o
 .debug_line    0x00002d0e      0x7d7 Core/Src/oled.o
 .debug_line    0x000034e5      0x6ab Core/Src/stm32f4xx_hal_msp.o
 .debug_line    0x00003b90      0x6d8 Core/Src/stm32f4xx_hal_timebase_tim.o
 .debug_line    0x00004268      0x853 Core/Src/stm32f4xx_it.o
 .debug_line    0x00004abb      0x6d1 Core/Src/system_stm32f4xx.o
 .debug_line    0x0000518c      0x8a4 Drivers/STM32F4xx_HAL_Driver/Src/stm32f4xx_hal.o
 .debug_line    0x00005a30      0x8fa Drivers/STM32F4xx_HAL_Driver/Src/stm32f4xx_hal_cortex.o
 .debug_line    0x0000632a      0x830 Drivers/STM32F4xx_HAL_Driver/Src/stm32f4xx_hal_gpio.o
 .debug_line    0x00006b5a     0x1bd6 Drivers/STM32F4xx_HAL_Driver/Src/stm32f4xx_hal_i2c.o
 .debug_line    0x00008730      0x91a Drivers/STM32F4xx_HAL_Driver/Src/stm32f4xx_hal_rcc.o
 .debug_line    0x0000904a     0x188d Drivers/STM32F4xx_HAL_Driver/Src/stm32f4xx_hal_tim.o
 .debug_line    0x0000a8d7      0xcd5 Drivers/STM32F4xx_HAL_Driver/Src/stm32f4xx_hal_tim_ex.o
 .debug_line    0x0000b5ac     0x18ab Middlewares/Third_Party/FreeRTOS/Source/CMSIS_RTOS_V2/cmsis_os2.o
 .debug_line    0x0000ce57      0x54d Middlewares/Third_Party/FreeRTOS/Source/list.o
 .debug_line    0x0000d3a4      0xd61 Middlewares/Third_Party/FreeRTOS/Source/queue.o
 .debug_line    0x0000e105     0x115a Middlewares/Third_Party/FreeRTOS/Source/tasks.o
 .debug_line    0x0000f25f      0x830 Middlewares/Third_Party/FreeRTOS/Source/timers.o
 .debug_line    0x0000fa8f      0x604 Middlewares/Third_Party/FreeRTOS/Source/portable/GCC/ARM_CM4F/port.o
 .debug_line    0x00010093      0x601 Middlewares/Third_Party/FreeRTOS/Source/portable/MemMang/heap_4.o
 .debug_line    0x00010694       0x7f startup/startup_stm32f407xx.o

.debug_str      0x00000000    0xd16fc
 .debug_str     0x00000000    0xc0cf1 Core/Src/fonts.o
                              0xc0f86 (size before relaxing)
 .debug_str     0x000c0cf1     0x4fef Core/Src/freertos.o
                              0xc5ffe (size before relaxing)
 .debug_str     0x000c5ce0      0x1bc Core/Src/gpio.o
                              0xc10ec (size before relaxing)
 .debug_str     0x000c5e9c       0xa5 Core/Src/i2c.o
                              0xc1619 (size before relaxing)
 .debug_str     0x000c5f41      0x18c Core/Src/keyboard.o
                              0xc1662 (size before relaxing)
 .debug_str     0x000c60cd      0x360 Core/Src/main.o
                              0xc50ce (size before relaxing)
 .debug_str     0x000c642d       0xa0 Core/Src/oled.o
                              0xc15a6 (size before relaxing)
 .debug_str     0x000c64cd      0x512 Core/Src/stm32f4xx_hal_msp.o
                              0xc1534 (size before relaxing)
 .debug_str     0x000c69df       0xff Core/Src/stm32f4xx_hal_timebase_tim.o
                              0xc1aaa (size before relaxing)
 .debug_str     0x000c6ade       0xbe Core/Src/stm32f4xx_it.o
                              0xc4cdf (size before relaxing)
 .debug_str     0x000c6b9c       0xc4 Core/Src/system_stm32f4xx.o
                              0xc10b8 (size before relaxing)
 .debug_str     0x000c6c60      0x5c7 Drivers/STM32F4xx_HAL_Driver/Src/stm32f4xx_hal.o
                              0xc1c3e (size before relaxing)
 .debug_str     0x000c7227      0x331 Drivers/STM32F4xx_HAL_Driver/Src/stm32f4xx_hal_cortex.o
                              0xc1974 (size before relaxing)
 .debug_str     0x000c7558      0x1dc Drivers/STM32F4xx_HAL_Driver/Src/stm32f4xx_hal_gpio.o
                              0xc12f7 (size before relaxing)
 .debug_str     0x000c7734      0xa7f Drivers/STM32F4xx_HAL_Driver/Src/stm32f4xx_hal_i2c.o
                              0xc203e (size before relaxing)
 .debug_str     0x000c81b3      0x1d2 Drivers/STM32F4xx_HAL_Driver/Src/stm32f4xx_hal_rcc.o
                              0xc14c1 (size before relaxing)
 .debug_str     0x000c8385      0xd46 Drivers/STM32F4xx_HAL_Driver/Src/stm32f4xx_hal_tim.o
                              0xc2217 (size before relaxing)
 .debug_str     0x000c90cb      0x4d4 Drivers/STM32F4xx_HAL_Driver/Src/stm32f4xx_hal_tim_ex.o
                              0xc1a2f (size before relaxing)
 .debug_str     0x000c959f     0x571c Middlewares/Third_Party/FreeRTOS/Source/CMSIS_RTOS_V2/cmsis_os2.o
                               0xe067 (size before relaxing)
 .debug_str     0x000cecbb      0x225 Middlewares/Third_Party/FreeRTOS/Source/list.o
                               0xa01b (size before relaxing)
 .debug_str     0x000ceee0      0x86c Middlewares/Third_Party/FreeRTOS/Source/queue.o
                               0xb9c5 (size before relaxing)
 .debug_str     0x000cf74c     0x10af Middlewares/Third_Party/FreeRTOS/Source/tasks.o
                               0xc525 (size before relaxing)
 .debug_str     0x000d07fb      0x515 Middlewares/Third_Party/FreeRTOS/Source/timers.o
                               0xbedb (size before relaxing)
 .debug_str     0x000d0d10      0x783 Middlewares/Third_Party/FreeRTOS/Source/portable/GCC/ARM_CM4F/port.o
                               0x8130 (size before relaxing)
 .debug_str     0x000d1493      0x23a Middlewares/Third_Party/FreeRTOS/Source/portable/MemMang/heap_4.o
                               0xa75d (size before relaxing)
 .debug_str     0x000d16cd       0x2f startup/startup_stm32f407xx.o
                                 0x54 (size before relaxing)

.comment        0x00000000       0x7f
 .comment       0x00000000       0x7f Core/Src/fonts.o
                                 0x80 (size before relaxing)
 .comment       0x0000007f       0x80 Core/Src/freertos.o
 .comment       0x0000007f       0x80 Core/Src/gpio.o
 .comment       0x0000007f       0x80 Core/Src/i2c.o
 .comment       0x0000007f       0x80 Core/Src/keyboard.o
 .comment       0x0000007f       0x80 Core/Src/main.o
 .comment       0x0000007f       0x80 Core/Src/oled.o
 .comment       0x0000007f       0x80 Core/Src/stm32f4xx_hal_msp.o
 .comment       0x0000007f       0x80 Core/Src/stm32f4xx_hal_timebase_tim.o
 .comment       0x0000007f       0x80 Core/Src/stm32f4xx_it.o
 .comment       0x0000007f       0x80 Core/Src/system_stm32f4xx.o
 .comment       0x0000007f       0x80 Drivers/STM32F4xx_HAL_Driver/Src/stm32f4xx_hal.o
 .comment       0x0000007f       0x80 Drivers/STM32F4xx_HAL_Driver/Src/stm32f4xx_hal_cortex.o
 .comment       0x0000007f       0x80 Drivers/STM32F4xx_HAL_Driver/Src/stm32f4xx_hal_gpio.o
 .comment       0x0000007f       0x80 Drivers/STM32F4xx_HAL_Driver/Src/stm32f4xx_hal_i2c.o
 .comment       0x0000007f       0x80 Drivers/STM32F4xx_HAL_Driver/Src/stm32f4xx_hal_rcc.o
 .comment       0x0000007f       0x80 Drivers/STM32F4xx_HAL_Driver/Src/stm32f4xx_hal_tim.o
 .comment       0x0000007f       0x80 Drivers/STM32F4xx_HAL_Driver/Src/stm32f4xx_hal_tim_ex.o
 .comment       0x0000007f       0x80 Middlewares/Third_Party/FreeRTOS/Source/CMSIS_RTOS_V2/cmsis_os2.o
 .comment       0x0000007f       0x80 Middlewares/Third_Party/FreeRTOS/Source/list.o
 .comment       0x0000007f       0x80 Middlewares/Third_Party/FreeRTOS/Source/queue.o
 .comment       0x0000007f       0x80 Middlewares/Third_Party/FreeRTOS/Source/tasks.o
 .comment       0x0000007f       0x80 Middlewares/Third_Party/FreeRTOS/Source/timers.o
 .comment       0x0000007f       0x80 Middlewares/Third_Party/FreeRTOS/Source/portable/GCC/ARM_CM4F/port.o
 .comment       0x0000007f       0x80 Middlewares/Third_Party/FreeRTOS/Source/portable/MemMang/heap_4.o

.debug_loc      0x00000000    0x1150a
 .debug_loc     0x00000000       0xa8 Core/Src/freertos.o
 .debug_loc     0x000000a8       0x74 Core/Src/i2c.o
 .debug_loc     0x0000011c      0x10f Core/Src/keyboard.o
 .debug_loc     0x0000022b       0x3a Core/Src/main.o
 .debug_loc     0x00000265      0x23b Core/Src/oled.o
 .debug_loc     0x000004a0       0x6a Core/Src/stm32f4xx_hal_timebase_tim.o
 .debug_loc     0x0000050a      0x13e Core/Src/system_stm32f4xx.o
 .debug_loc     0x00000648       0xfd Drivers/STM32F4xx_HAL_Driver/Src/stm32f4xx_hal.o
 .debug_loc     0x00000745      0x5ce Drivers/STM32F4xx_HAL_Driver/Src/stm32f4xx_hal_cortex.o
 .debug_loc     0x00000d13      0x497 Drivers/STM32F4xx_HAL_Driver/Src/stm32f4xx_hal_gpio.o
 .debug_loc     0x000011aa     0x3673 Drivers/STM32F4xx_HAL_Driver/Src/stm32f4xx_hal_i2c.o
 .debug_loc     0x0000481d      0x3f1 Drivers/STM32F4xx_HAL_Driver/Src/stm32f4xx_hal_rcc.o
 .debug_loc     0x00004c0e     0x3888 Drivers/STM32F4xx_HAL_Driver/Src/stm32f4xx_hal_tim.o
 .debug_loc     0x00008496     0x11b6 Drivers/STM32F4xx_HAL_Driver/Src/stm32f4xx_hal_tim_ex.o
 .debug_loc     0x0000964c     0x3f51 Middlewares/Third_Party/FreeRTOS/Source/CMSIS_RTOS_V2/cmsis_os2.o
 .debug_loc     0x0000d59d       0x70 Middlewares/Third_Party/FreeRTOS/Source/list.o
 .debug_loc     0x0000d60d     0x140a Middlewares/Third_Party/FreeRTOS/Source/queue.o
 .debug_loc     0x0000ea17     0x1b9d Middlewares/Third_Party/FreeRTOS/Source/tasks.o
 .debug_loc     0x000105b4      0xbe9 Middlewares/Third_Party/FreeRTOS/Source/timers.o
 .debug_loc     0x0001119d       0xdc Middlewares/Third_Party/FreeRTOS/Source/portable/GCC/ARM_CM4F/port.o
 .debug_loc     0x00011279      0x291 Middlewares/Third_Party/FreeRTOS/Source/portable/MemMang/heap_4.o

.debug_ranges   0x00000000     0x1478
 .debug_ranges  0x00000000       0x28 Core/Src/freertos.o
 .debug_ranges  0x00000028       0x10 Core/Src/gpio.o
 .debug_ranges  0x00000038       0x20 Core/Src/i2c.o
 .debug_ranges  0x00000058       0x28 Core/Src/keyboard.o
 .debug_ranges  0x00000080       0x28 Core/Src/main.o
 .debug_ranges  0x000000a8       0x48 Core/Src/oled.o
 .debug_ranges  0x000000f0       0x10 Core/Src/stm32f4xx_hal_msp.o
 .debug_ranges  0x00000100       0x20 Core/Src/stm32f4xx_hal_timebase_tim.o
 .debug_ranges  0x00000120       0x40 Core/Src/stm32f4xx_it.o
 .debug_ranges  0x00000160       0x18 Core/Src/system_stm32f4xx.o
 .debug_ranges  0x00000178       0xe0 Drivers/STM32F4xx_HAL_Driver/Src/stm32f4xx_hal.o
 .debug_ranges  0x00000258       0xf8 Drivers/STM32F4xx_HAL_Driver/Src/stm32f4xx_hal_cortex.o
 .debug_ranges  0x00000350       0x48 Drivers/STM32F4xx_HAL_Driver/Src/stm32f4xx_hal_gpio.o
 .debug_ranges  0x00000398      0x298 Drivers/STM32F4xx_HAL_Driver/Src/stm32f4xx_hal_i2c.o
 .debug_ranges  0x00000630       0x90 Drivers/STM32F4xx_HAL_Driver/Src/stm32f4xx_hal_rcc.o
 .debug_ranges  0x000006c0      0x398 Drivers/STM32F4xx_HAL_Driver/Src/stm32f4xx_hal_tim.o
 .debug_ranges  0x00000a58      0x140 Drivers/STM32F4xx_HAL_Driver/Src/stm32f4xx_hal_tim_ex.o
 .debug_ranges  0x00000b98      0x218 Middlewares/Third_Party/FreeRTOS/Source/CMSIS_RTOS_V2/cmsis_os2.o
 .debug_ranges  0x00000db0       0x30 Middlewares/Third_Party/FreeRTOS/Source/list.o
 .debug_ranges  0x00000de0      0x228 Middlewares/Third_Party/FreeRTOS/Source/queue.o
 .debug_ranges  0x00001008      0x2d0 Middlewares/Third_Party/FreeRTOS/Source/tasks.o
 .debug_ranges  0x000012d8       0xd0 Middlewares/Third_Party/FreeRTOS/Source/timers.o
 .debug_ranges  0x000013a8       0x70 Middlewares/Third_Party/FreeRTOS/Source/portable/GCC/ARM_CM4F/port.o
 .debug_ranges  0x00001418       0x40 Middlewares/Third_Party/FreeRTOS/Source/portable/MemMang/heap_4.o
 .debug_ranges  0x00001458       0x20 startup/startup_stm32f407xx.o

.debug_frame    0x00000000     0x38d4
 .debug_frame   0x00000000       0x84 Core/Src/freertos.o
 .debug_frame   0x00000084       0x30 Core/Src/gpio.o
 .debug_frame   0x000000b4       0x64 Core/Src/i2c.o
 .debug_frame   0x00000118       0x7c Core/Src/keyboard.o
 .debug_frame   0x00000194       0x70 Core/Src/main.o
 .debug_frame   0x00000204       0xe8 Core/Src/oled.o
 .debug_frame   0x000002ec       0x2c Core/Src/stm32f4xx_hal_msp.o
 .debug_frame   0x00000318       0x50 Core/Src/stm32f4xx_hal_timebase_tim.o
 .debug_frame   0x00000368       0x88 Core/Src/stm32f4xx_it.o
 .debug_frame   0x000003f0       0x30 Core/Src/system_stm32f4xx.o
 .debug_frame   0x00000420      0x1ec Drivers/STM32F4xx_HAL_Driver/Src/stm32f4xx_hal.o
 .debug_frame   0x0000060c      0x15c Drivers/STM32F4xx_HAL_Driver/Src/stm32f4xx_hal_cortex.o
 .debug_frame   0x00000768       0xd8 Drivers/STM32F4xx_HAL_Driver/Src/stm32f4xx_hal_gpio.o
 .debug_frame   0x00000840      0x910 Drivers/STM32F4xx_HAL_Driver/Src/stm32f4xx_hal_i2c.o
 .debug_frame   0x00001150      0x184 Drivers/STM32F4xx_HAL_Driver/Src/stm32f4xx_hal_rcc.o
 .debug_frame   0x000012d4      0xa7c Drivers/STM32F4xx_HAL_Driver/Src/stm32f4xx_hal_tim.o
 .debug_frame   0x00001d50      0x3b8 Drivers/STM32F4xx_HAL_Driver/Src/stm32f4xx_hal_tim_ex.o
 .debug_frame   0x00002108      0x7a0 Middlewares/Third_Party/FreeRTOS/Source/CMSIS_RTOS_V2/cmsis_os2.o
 .debug_frame   0x000028a8       0x6c Middlewares/Third_Party/FreeRTOS/Source/list.o
 .debug_frame   0x00002914      0x434 Middlewares/Third_Party/FreeRTOS/Source/queue.o
 .debug_frame   0x00002d48      0x644 Middlewares/Third_Party/FreeRTOS/Source/tasks.o
 .debug_frame   0x0000338c      0x2c8 Middlewares/Third_Party/FreeRTOS/Source/timers.o
 .debug_frame   0x00003654      0x100 Middlewares/Third_Party/FreeRTOS/Source/portable/GCC/ARM_CM4F/port.o
 .debug_frame   0x00003754       0xac Middlewares/Third_Party/FreeRTOS/Source/portable/MemMang/heap_4.o
 .debug_frame   0x00003800       0x2c c:/ac6/systemworkbench/plugins/fr.ac6.mcu.externaltools.arm-none.win32_1.17.0.201812190825/tools/compiler/bin/../lib/gcc/arm-none-eabi/7.3.1/thumb/v7e-m/fpv4-sp/hard\libgcc.a(_aeabi_uldivmod.o)
 .debug_frame   0x0000382c       0x34 c:/ac6/systemworkbench/plugins/fr.ac6.mcu.externaltools.arm-none.win32_1.17.0.201812190825/tools/compiler/bin/../lib/gcc/arm-none-eabi/7.3.1/thumb/v7e-m/fpv4-sp/hard\libgcc.a(_udivmoddi4.o)
 .debug_frame   0x00003860       0x2c c:/ac6/systemworkbench/plugins/fr.ac6.mcu.externaltools.arm-none.win32_1.17.0.201812190825/tools/compiler/bin/../lib/gcc/arm-none-eabi/7.3.1/../../../../arm-none-eabi/lib/thumb/v7e-m/fpv4-sp/hard\libc_nano.a(lib_a-init.o)
 .debug_frame   0x0000388c       0x28 c:/ac6/systemworkbench/plugins/fr.ac6.mcu.externaltools.arm-none.win32_1.17.0.201812190825/tools/compiler/bin/../lib/gcc/arm-none-eabi/7.3.1/../../../../arm-none-eabi/lib/thumb/v7e-m/fpv4-sp/hard\libc_nano.a(lib_a-memcpy-stub.o)
 .debug_frame   0x000038b4       0x20 c:/ac6/systemworkbench/plugins/fr.ac6.mcu.externaltools.arm-none.win32_1.17.0.201812190825/tools/compiler/bin/../lib/gcc/arm-none-eabi/7.3.1/../../../../arm-none-eabi/lib/thumb/v7e-m/fpv4-sp/hard\libc_nano.a(lib_a-memset.o)
